Microchip MPLAB XC8 Compiler V1.37 ()

Linker command line:

-W-3 --edf=C:\Program Files (x86)\Microchip\xc8\v1.37\dat\en_msgs.txt -cs \
  -h+dist/default/production\Assignment2Mech2.production.sym \
  --cmf=dist/default/production\Assignment2Mech2.production.cmf -z \
  -Q16F877A -oC:\Users\JohnMac\AppData\Local\Temp\s5bo.2 \
  -Mdist/default/production/Assignment2Mech2.production.map -E1 -ver=XC8 \
  -ASTACK=0110h-016fh -pstack=STACK -ACODE=00h-07FFhx4 -ASTRCODE=00h-01FFFh \
  -ASTRING=00h-0FFhx32 -ACONST=00h-0FFhx32 -AENTRY=00h-0FFhx32 \
  -ACOMMON=070h-07Fh -ABANK0=020h-06Fh -ABANK1=0A0h-0EFh \
  -ABANK2=0110h-016Fh -ABANK3=0190h-01EFh \
  -ARAM=020h-06Fh,0A0h-0EFh,0110h-016Fh,0190h-01EFh \
  -AABS1=020h-07Fh,0A0h-0EFh,0110h-016Fh,0190h-01EFh -ASFR0=00h-01Fh \
  -ASFR1=080h-09Fh -ASFR2=0100h-010Fh -ASFR3=0180h-018Fh \
  -preset_vec=00h,intentry=04h,init,end_init -ppowerup=CODE -pcinit=CODE \
  -pfunctab=CODE -ACONFIG=02007h-02007h -pconfig=CONFIG -DCONFIG=2 \
  -AIDLOC=02000h-02003h -pidloc=IDLOC -DIDLOC=2 -AEEDATA=00h-0FFh/02100h \
  -peeprom_data=EEDATA -DEEDATA=2 -DCODE=2 -DSTRCODE=2 -DSTRING=2 -DCONST=2 \
  -DENTRY=2 -k C:\Users\JohnMac\AppData\Local\Temp\s5bo.obj \
  dist/default/production\Assignment2Mech2.production.obj 

Object code version is 3.11

Machine type is 16F877A



                Name                               Link     Load   Length Selector   Space Scale
C:\Users\JohnMac\AppData\Local\Temp\s5bo.obj
                end_init                             12       12        3        8       0
                reset_vec                             0        0        3        0       0
                config                             2007     2007        1     400E       0
dist/default/production\Assignment2Mech2.production.obj
                cinit                                15       15       1C        8       0
                intentry                              4        4        E        8       0
                text9                                6B       6B       32        8       0
                text8                               179      179       10      2D0       0
                text7                                31       31       3A        8       0
                text6                               107      107       1D        8       0
                text5                                EA       EA       1D        8       0
                text4                               198      198        B      2D0       0
                text3                                C5       C5       25        8       0
                text2                               13C      13C       18        8       0
                text1                               189      189        F      2D0       0
                maintext                             9D       9D       28        8       0
                cstackBANK0                          69       69        5       20       1
                cstackCOMMON                         72       72        A       70       1
                inittext                            168      168       11      2D0       0
                clrtext                             1A3      1A3        8      2D0       0
                dataBANK0                            51       51       18       20       1
                bssBANK0                             20       20       31       20       1
                bssCOMMON                            7C       7C        2       70       1
                bitbssCOMMON                        380       70        B       70       1     8
                strings                             154      154       14      2A8       0
                idataBANK0                          124      124       18        8       0

TOTAL           Name                               Link     Load   Length     Space
        CLASS   STACK          

        CLASS   CODE           
                end_init                             12       12        3         0
                cinit                                15       15       1C         0
                intentry                              4        4        E         0
                reset_vec                             0        0        3         0
                text9                                6B       6B       32         0
                text8                               179      179       10         0
                text7                                31       31       3A         0
                text6                               107      107       1D         0
                text5                                EA       EA       1D         0
                text4                               198      198        B         0
                text3                                C5       C5       25         0
                text2                               13C      13C       18         0
                text1                               189      189        F         0
                maintext                             9D       9D       28         0
                inittext                            168      168       11         0
                clrtext                             1A3      1A3        8         0
                idataBANK0                          124      124       18         0

        CLASS   STRCODE        

        CLASS   STRING         
                strings                             154      154       14         0

        CLASS   CONST          

        CLASS   ENTRY          

        CLASS   COMMON         
                cstackCOMMON                         72       72        A         1
                bssCOMMON                            7C       7C        2         1
                bitbssCOMMON                        380       70        B         1

        CLASS   BANK0          
                cstackBANK0                          69       69        5         1
                dataBANK0                            51       51       18         1
                bssBANK0                             20       20       31         1

        CLASS   BANK1          

        CLASS   BANK2          

        CLASS   BANK3          

        CLASS   RAM            

        CLASS   ABS1           
                abs_s1                               7E       7E        2         1

        CLASS   SFR0           

        CLASS   SFR1           

        CLASS   SFR2           

        CLASS   SFR3           

        CLASS   CONFIG         
                config                             2007     2007        1         0

        CLASS   IDLOC          

        CLASS   EEDATA         



SEGMENTS        Name                           Load    Length   Top    Selector   Space  Class     Delta

                reset_vec                      000000  000003  000003         0       0  CODE        2
                intentry                       000004  000150  000154         8       0  CODE        2
                bssBANK0                       000020  00004E  00006E        20       1  BANK0       1
                bitbssCOMMON                   000070  00000E  00007E        70       1  COMMON      1
                strings                        000154  000014  000168       2A8       0  STRING      2
                inittext                       000168  000043  0001AB       2D0       0  CODE        2
                config                         002007  000001  002008      400E       0  CONFIG      2


UNUSED ADDRESS RANGES

        Name                Unused          Largest block    Delta
        BANK0            006E-006F              2           1
        BANK1            00A0-00EF             50           1
        BANK2            0110-016F             60           1
        BANK3            0190-01EF             60           1
        CODE             0003-0003              1           2
                         01AB-1FFF            800
        CONST            0003-0003              1           2
                         01AB-1FFF            100
        EEDATA           2100-21FF            100           2
        ENTRY            0003-0003              1           2
                         01AB-1FFF            100
        IDLOC            2000-2003              4           2
        RAM              006E-006F              2           1
                         00A0-00EF             50
                         0110-016F             60
                         0190-01EF             60
        SFR0             0000-001F             20           1
        SFR1             0080-009F             20           1
        SFR2             0100-010F             10           1
        SFR3             0180-018F             10           1
        STACK            0110-016F             60           1
        STRCODE          0003-0003              1           2
                         01AB-1FFF           1E55
        STRING           0003-0003              1           2
                         01AB-1FFF            100

                                  Symbol Table

?___lwmod                cstackCOMMON 0072
_ADCON0                  (abs)        001F
_ADCS2                   (abs)        04FE
_ADFM                    (abs)        04FF
_ADIE                    (abs)        0466
_ADIF                    (abs)        0066
_ADRESH                  (abs)        001E
_ADRESL                  (abs)        009E
_BRGH                    (abs)        04C2
_CREN                    (abs)        00C4
_FLAG_1000MS             bitbssCOMMON 0380
_GIE                     (abs)        005F
_GO                      (abs)        00FA
_OERR                    (abs)        00C1
_OPTION_REG              (abs)        0081
_PCFG0                   (abs)        04F8
_PCFG1                   (abs)        04F9
_PCFG2                   (abs)        04FA
_PCFG3                   (abs)        04FB
_PEIE                    (abs)        005E
_PORTC                   (abs)        0007
_PORTD                   (abs)        0008
_PORTE                   (abs)        0009
_PS0                     (abs)        0408
_PS1                     (abs)        0409
_PS2                     (abs)        040A
_PSA                     (abs)        040B
_RB0                     (abs)        0030
_RB1                     (abs)        0031
_RB2                     (abs)        0032
_RB3                     (abs)        0033
_RB5                     (abs)        0035
_RC2                     (abs)        003A
_RCIE                    (abs)        0465
_RE0                     (abs)        0048
_RE1                     (abs)        0049
_RE2                     (abs)        004A
_RX9                     (abs)        00C6
_SPBRG                   (abs)        0099
_SPEN                    (abs)        00C7
_SSPBUF                  (abs)        0013
_SSPCON                  (abs)        0014
_SSPIF                   (abs)        0063
_SSPSTAT                 (abs)        0094
_SYNC                    (abs)        04C4
_T0CS                    (abs)        040D
_T0SE                    (abs)        040C
_TMR0                    (abs)        0001
_TMR0IE                  (abs)        005D
_TMR0IF                  (abs)        005A
_TRISA                   (abs)        0085
_TRISB                   (abs)        0086
_TRISC                   (abs)        0087
_TRISD                   (abs)        0088
_TRISE                   (abs)        0089
_TX9                     (abs)        04C6
_TXEN                    (abs)        04C5
_TXIE                    (abs)        0464
__CFG_BOREN$OFF          (abs)        0000
__CFG_CP$OFF             (abs)        0000
__CFG_CPD$OFF            (abs)        0000
__CFG_FOSC$HS            (abs)        0000
__CFG_LVP$OFF            (abs)        0000
__CFG_PWRTE$OFF          (abs)        0000
__CFG_WDTE$OFF           (abs)        0000
__CFG_WRT$OFF            (abs)        0000
__Habs1                  abs1         0000
__Hbank0                 bank0        0000
__Hbank1                 bank1        0000
__Hbank2                 bank2        0000
__Hbank3                 bank3        0000
__HbitbssCOMMON          bitbssCOMMON 0000
__HbssBANK0              bssBANK0     0000
__HbssCOMMON             bssCOMMON    0000
__Hcinit                 cinit        0031
__Hclrtext               clrtext      0000
__Hcode                  code         0000
__Hcommon                common       0000
__Hconfig                config       2008
__HcstackBANK0           cstackBANK0  0000
__HcstackCOMMON          cstackCOMMON 0000
__HdataBANK0             dataBANK0    0000
__Heeprom_data           eeprom_data  0000
__Hend_init              end_init     0015
__Hfunctab               functab      0000
__HidataBANK0            idataBANK0   0000
__Hidloc                 idloc        0000
__Hinit                  init         0012
__Hinittext              inittext     0000
__Hintentry              intentry     0012
__Hmaintext              maintext     0000
__Hpowerup               powerup      0000
__Hram                   ram          0000
__Hreset_vec             reset_vec    0003
__Hsfr0                  sfr0         0000
__Hsfr1                  sfr1         0000
__Hsfr2                  sfr2         0000
__Hsfr3                  sfr3         0000
__Hspace_0               (abs)        2008
__Hspace_1               (abs)        038B
__Hspace_2               (abs)        0000
__Hspace_3               (abs)        0000
__Hstack                 stack        0000
__Hstrings               strings      0000
__Htext                  text         0000
__Labs1                  abs1         0000
__Lbank0                 bank0        0000
__Lbank1                 bank1        0000
__Lbank2                 bank2        0000
__Lbank3                 bank3        0000
__LbitbssCOMMON          bitbssCOMMON 0000
__LbssBANK0              bssBANK0     0000
__LbssCOMMON             bssCOMMON    0000
__Lcinit                 cinit        0015
__Lclrtext               clrtext      0000
__Lcode                  code         0000
__Lcommon                common       0000
__Lconfig                config       2007
__LcstackBANK0           cstackBANK0  0000
__LcstackCOMMON          cstackCOMMON 0000
__LdataBANK0             dataBANK0    0000
__Leeprom_data           eeprom_data  0000
__Lend_init              end_init     0012
__Lfunctab               functab      0000
__LidataBANK0            idataBANK0   0000
__Lidloc                 idloc        0000
__Linit                  init         0012
__Linittext              inittext     0000
__Lintentry              intentry     0004
__Lmaintext              maintext     0000
__Lpowerup               powerup      0000
__Lram                   ram          0000
__Lreset_vec             reset_vec    0000
__Lsfr0                  sfr0         0000
__Lsfr1                  sfr1         0000
__Lsfr2                  sfr2         0000
__Lsfr3                  sfr3         0000
__Lspace_0               (abs)        0000
__Lspace_1               (abs)        0000
__Lspace_2               (abs)        0000
__Lspace_3               (abs)        0000
__Lstack                 stack        0000
__Lstrings               strings      0000
__Ltext                  text         0000
__S0                     (abs)        2008
__S1                     (abs)        007E
__S2                     (abs)        0000
__S3                     (abs)        0000
___int_sp                stack        0000
___latbits               (abs)        0002
___lwmod                 text9        006B
___lwmod@counter         cstackCOMMON 0077
___lwmod@dividend        cstackCOMMON 0074
___lwmod@divisor         cstackCOMMON 0072
___sp                    stack        0000
__end_of___lwmod         text9        009D
__end_of__initialization cinit        002D
__end_of__stringtab      strings      015A
__end_of_drive           text5        0107
__end_of_irobot_init     text4        01A3
__end_of_isr             text7        006B
__end_of_main            maintext     00C5
__end_of_ser_init        text3        00EA
__end_of_ser_isrx        text8        0189
__end_of_ser_putch       text6        0124
__end_of_setupSPI        text2        0154
__end_of_spi_transfer    text1        0198
__initialization         cinit        0015
__pbitbssCOMMON          bitbssCOMMON 0380
__pbssBANK0              bssBANK0     0020
__pbssCOMMON             bssCOMMON    007C
__pcstackBANK0           cstackBANK0  0069
__pcstackCOMMON          cstackCOMMON 0072
__pdataBANK0             dataBANK0    0051
__pidataBANK0            idataBANK0   0124
__pintentry              intentry     0004
__pmaintext              maintext     009D
__pstrings               strings      0154
__ptext1                 text1        0189
__ptext2                 text2        013C
__ptext3                 text3        00C5
__ptext4                 text4        0198
__ptext5                 text5        00EA
__ptext6                 text6        0107
__ptext7                 text7        0031
__ptext8                 text8        0179
__ptext9                 text9        006B
__size_of___lwmod        (abs)        0000
__size_of_drive          (abs)        0000
__size_of_irobot_init    (abs)        0000
__size_of_isr            (abs)        0000
__size_of_main           (abs)        0000
__size_of_ser_init       (abs)        0000
__size_of_ser_isrx       (abs)        0000
__size_of_ser_putch      (abs)        0000
__size_of_setupSPI       (abs)        0000
__size_of_spi_transfer   (abs)        0000
__stringbase             strings      0159
__stringtab              strings      0154
_conversionDone          bitbssCOMMON 0381
_cstep                   bssCOMMON    007C
_drive                   text5        00EA
_halfSteps               dataBANK0    0051
_irLcdCounter            bssBANK0     0048
_irobot_init             text4        0198
_isr                     text7        0031
_main                    maintext     009D
_nrOfSteps               bssBANK0     0042
_pb0Pressed              bitbssCOMMON 0382
_pb0Released             bitbssCOMMON 0383
_pb1Pressed              bitbssCOMMON 0384
_pb1Released             bitbssCOMMON 0385
_pb2Pressed              bitbssCOMMON 0386
_pb2Released             bitbssCOMMON 0387
_pb3Pressed              bitbssCOMMON 0388
_pb3Released             bitbssCOMMON 0389
_pbCounter               bssBANK0     0049
_pbCounter2              bssBANK0     004A
_pbCounter3              bssBANK0     004B
_pbCounter4              bssBANK0     004C
_rtcCounter              bssBANK0     0044
_rxfifo                  bssBANK0     0020
_rxiptr                  bssBANK0     004D
_rxoptr                  bssBANK0     004E
_ser_init                text3        00C5
_ser_isrx                text8        0179
_ser_putch               text6        0107
_setupSPI                text2        013C
_spi_transfer            text1        0189
_time_count              bssBANK0     0046
_txfifo                  bssBANK0     0030
_txiptr                  bssCOMMON    007D
_txoptr                  bssBANK0     0050
_updateLcdIRData         bitbssCOMMON 038A
btemp                    (abs)        007E
clear_ram0               clrtext      01A3
end_of_initialization    cinit        002D
init_fetch0              inittext     0168
init_ram0                inittext     016C
interrupt_function       intentry     0004
intlevel0                functab      0000
intlevel1                functab      0000
intlevel2                functab      0000
intlevel3                functab      0000
intlevel4                functab      0000
intlevel5                functab      0000
ltemp                    (abs)        007E
ltemp0                   (abs)        007E
ltemp1                   (abs)        0082
ltemp2                   (abs)        0086
ltemp3                   (abs)        0080
main@controlByte         cstackBANK0  006D
reset_vec                reset_vec    0000
saved_w                  (abs)        007E
ser_putch@c              cstackBANK0  006A
spi_transfer@data        cstackBANK0  006B
spi_transfer@temp        cstackBANK0  006A
stackhi                  (abs)        0000
stacklo                  (abs)        0000
start                    init         0012
start_initialization     cinit        0015
ttemp                    (abs)        007E
ttemp0                   (abs)        007E
ttemp1                   (abs)        0081
ttemp2                   (abs)        0084
ttemp3                   (abs)        0087
ttemp4                   (abs)        007F
wtemp                    (abs)        007E
wtemp0                   (abs)        007E
wtemp1                   (abs)        0080
wtemp2                   (abs)        0082
wtemp3                   (abs)        0084
wtemp4                   (abs)        0086
wtemp5                   (abs)        0088
wtemp6                   (abs)        007F


FUNCTION INFORMATION:

 *************** function _main *****************
 Defined at:
		line 94 in file "SPI.c"
 Parameters:    Size  Location     Type
		None
 Auto vars:     Size  Location     Type
  controlByte     1    4[BANK0 ] unsigned char 
 Return value:  Size  Location     Type
                  1    wreg      void 
 Registers used:
		wreg, fsr0l, fsr0h, status,2, status,0, pclath, cstack
 Tracked objects:
		On entry : 
		On exit  : 
		Unchanged: 
 Data sizes:     COMMON   BANK0   BANK1   BANK3   BANK2
      Params:         0       0       0       0       0
      Locals:         0       1       0       0       0
      Temps:          0       1       0       0       0
      Totals:         0       2       0       0       0
Total ram usage:        2 bytes
 Hardware stack levels required when called:    4
 This function calls:
		_drive
		_irobot_init
		_ser_init
		_setupSPI
		_spi_transfer
 This function is called by:
		Startup code after reset
 This function uses a non-reentrant model


 *************** function _spi_transfer *****************
 Defined at:
		line 81 in file "SPI.c"
 Parameters:    Size  Location     Type
  data            1    wreg     unsigned char 
 Auto vars:     Size  Location     Type
  data            1    2[BANK0 ] unsigned char 
  temp            1    1[BANK0 ] unsigned char 
 Return value:  Size  Location     Type
                  1    wreg      unsigned char 
 Registers used:
		wreg, status,2
 Tracked objects:
		On entry : 
		On exit  : 
		Unchanged: 
 Data sizes:     COMMON   BANK0   BANK1   BANK3   BANK2
      Params:         0       0       0       0       0
      Locals:         0       2       0       0       0
      Temps:          0       1       0       0       0
      Totals:         0       3       0       0       0
Total ram usage:        3 bytes
 Hardware stack levels used:    1
 Hardware stack levels required when called:    2
 This function calls:
		Nothing
 This function is called by:
		_main
 This function uses a non-reentrant model


 *************** function _setupSPI *****************
 Defined at:
		line 62 in file "SPI.c"
 Parameters:    Size  Location     Type
		None
 Auto vars:     Size  Location     Type
		None
 Return value:  Size  Location     Type
                  1    wreg      void 
 Registers used:
		wreg, status,2
 Tracked objects:
		On entry : 
		On exit  : 
		Unchanged: 
 Data sizes:     COMMON   BANK0   BANK1   BANK3   BANK2
      Params:         0       0       0       0       0
      Locals:         0       0       0       0       0
      Temps:          0       0       0       0       0
      Totals:         0       0       0       0       0
Total ram usage:        0 bytes
 Hardware stack levels used:    1
 Hardware stack levels required when called:    2
 This function calls:
		Nothing
 This function is called by:
		_main
 This function uses a non-reentrant model


 *************** function _ser_init *****************
 Defined at:
		line 112 in file "ser.c"
 Parameters:    Size  Location     Type
		None
 Auto vars:     Size  Location     Type
		None
 Return value:  Size  Location     Type
                  1    wreg      void 
 Registers used:
		wreg, status,2, status,0
 Tracked objects:
		On entry : 
		On exit  : 
		Unchanged: 
 Data sizes:     COMMON   BANK0   BANK1   BANK3   BANK2
      Params:         0       0       0       0       0
      Locals:         0       0       0       0       0
      Temps:          0       1       0       0       0
      Totals:         0       1       0       0       0
Total ram usage:        1 bytes
 Hardware stack levels used:    1
 Hardware stack levels required when called:    2
 This function calls:
		Nothing
 This function is called by:
		_main
 This function uses a non-reentrant model


 *************** function _irobot_init *****************
 Defined at:
		line 4 in file "irobot.c"
 Parameters:    Size  Location     Type
		None
 Auto vars:     Size  Location     Type
		None
 Return value:  Size  Location     Type
                  1    wreg      void 
 Registers used:
		wreg, fsr0l, fsr0h, status,2, status,0, pclath, cstack
 Tracked objects:
		On entry : 
		On exit  : 
		Unchanged: 
 Data sizes:     COMMON   BANK0   BANK1   BANK3   BANK2
      Params:         0       0       0       0       0
      Locals:         0       0       0       0       0
      Temps:          0       0       0       0       0
      Totals:         0       0       0       0       0
Total ram usage:        0 bytes
 Hardware stack levels used:    1
 Hardware stack levels required when called:    3
 This function calls:
		_ser_putch
 This function is called by:
		_main
 This function uses a non-reentrant model


 *************** function _drive *****************
 Defined at:
		line 9 in file "irobot.c"
 Parameters:    Size  Location     Type
		None
 Auto vars:     Size  Location     Type
		None
 Return value:  Size  Location     Type
                  1    wreg      void 
 Registers used:
		wreg, fsr0l, fsr0h, status,2, status,0, pclath, cstack
 Tracked objects:
		On entry : 
		On exit  : 
		Unchanged: 
 Data sizes:     COMMON   BANK0   BANK1   BANK3   BANK2
      Params:         0       0       0       0       0
      Locals:         0       0       0       0       0
      Temps:          0       0       0       0       0
      Totals:         0       0       0       0       0
Total ram usage:        0 bytes
 Hardware stack levels used:    1
 Hardware stack levels required when called:    3
 This function calls:
		_ser_putch
 This function is called by:
		_main
 This function uses a non-reentrant model


 *************** function _ser_putch *****************
 Defined at:
		line 69 in file "ser.c"
 Parameters:    Size  Location     Type
  c               1    wreg     unsigned char 
 Auto vars:     Size  Location     Type
  c               1    1[BANK0 ] unsigned char 
 Return value:  Size  Location     Type
                  1    wreg      void 
 Registers used:
		wreg, fsr0l, fsr0h, status,2, status,0
 Tracked objects:
		On entry : 
		On exit  : 
		Unchanged: 
 Data sizes:     COMMON   BANK0   BANK1   BANK3   BANK2
      Params:         0       0       0       0       0
      Locals:         0       1       0       0       0
      Temps:          0       1       0       0       0
      Totals:         0       2       0       0       0
Total ram usage:        2 bytes
 Hardware stack levels used:    1
 Hardware stack levels required when called:    2
 This function calls:
		Nothing
 This function is called by:
		_irobot_init
		_drive
		_ser_puts
		_ser_puts2
		_ser_puthex
 This function uses a non-reentrant model


 *************** function _isr *****************
 Defined at:
		line 42 in file "SPI.c"
 Parameters:    Size  Location     Type
		None
 Auto vars:     Size  Location     Type
		None
 Return value:  Size  Location     Type
                  1    wreg      void 
 Registers used:
		wreg, status,2, status,0, pclath, cstack
 Tracked objects:
		On entry : 
		On exit  : 
		Unchanged: 
 Data sizes:     COMMON   BANK0   BANK1   BANK3   BANK2
      Params:         0       0       0       0       0
      Locals:         0       0       0       0       0
      Temps:          4       0       0       0       0
      Totals:         4       0       0       0       0
Total ram usage:        4 bytes
 Hardware stack levels used:    1
 Hardware stack levels required when called:    1
 This function calls:
		___lwmod
		_ser_isrx
 This function is called by:
		Interrupt level 1
 This function uses a non-reentrant model


 *************** function _ser_isrx *****************
 Defined at:
		line 44 in file "ser.c"
 Parameters:    Size  Location     Type
		None
 Auto vars:     Size  Location     Type
		None
 Return value:  Size  Location     Type
		None               void
 Registers used:
		wreg, status,2, status,0
 Tracked objects:
		On entry : 
		On exit  : 
		Unchanged: 
 Data sizes:     COMMON   BANK0   BANK1   BANK3   BANK2
      Params:         0       0       0       0       0
      Locals:         0       0       0       0       0
      Temps:          0       0       0       0       0
      Totals:         0       0       0       0       0
Total ram usage:        0 bytes
 Hardware stack levels used:    1
 This function calls:
		Nothing
 This function is called by:
		_isr
		_ser_getch
 This function uses a non-reentrant model


 *************** function ___lwmod *****************
 Defined at:
		line 6 in file "C:\Program Files (x86)\Microchip\xc8\v1.37\sources\common\lwmod.c"
 Parameters:    Size  Location     Type
  divisor         2    0[COMMON] unsigned int 
  dividend        2    2[COMMON] unsigned int 
 Auto vars:     Size  Location     Type
  counter         1    5[COMMON] unsigned char 
 Return value:  Size  Location     Type
                  2    0[COMMON] unsigned int 
 Registers used:
		wreg, status,2, status,0
 Tracked objects:
		On entry : 
		On exit  : 
		Unchanged: 
 Data sizes:     COMMON   BANK0   BANK1   BANK3   BANK2
      Params:         4       0       0       0       0
      Locals:         1       0       0       0       0
      Temps:          1       0       0       0       0
      Totals:         6       0       0       0       0
Total ram usage:        6 bytes
 Hardware stack levels used:    1
 This function calls:
		Nothing
 This function is called by:
		_isr
 This function uses a non-reentrant model



MODULE INFORMATION

Module		Function		Class		Link	Load	Size
ser.c
		_ser_isrx      		CODE           	0179	0000	17
		_ser_init      		CODE           	00C5	0000	38
		_ser_putch     		CODE           	0107	0000	30

ser.c estimated size: 85

irobot.c
		_irobot_init   		CODE           	0198	0000	12
		_drive         		CODE           	00EA	0000	30

irobot.c estimated size: 42

shared
		__stringtab    		STRING         	0154	0000	7
		__initialization		CODE           	0015	0000	25

shared estimated size: 32

SPI.c
		_main          		CODE           	009D	0000	41
		_spi_transfer  		CODE           	0189	0000	16
		_setupSPI      		CODE           	013C	0000	25
		_isr           		CODE           	0031	0000	59

SPI.c estimated size: 141

C:\Program Files (x86)\Microchip\xc8\v1.37\sources\common\lwmod.c
		___lwmod       		CODE           	006B	0000	51

C:\Program Files (x86)\Microchip\xc8\v1.37\sources\common\lwmod.c estimated size: 51

