Microchip MPLAB XC8 Compiler V1.37 ()

Linker command line:

-W-3 --edf=C:\Program Files (x86)\Microchip\xc8\v1.37\dat\en_msgs.txt -cs \
  -h+dist/default/production\Assignment1Mech2.production.sym \
  --cmf=dist/default/production\Assignment1Mech2.production.cmf -z \
  -Q16F877A -oC:\Users\JohnMac\AppData\Local\Temp\s5ro.2 \
  -Mdist/default/production/Assignment1Mech2.production.map -E1 -ver=XC8 \
  -ASTACK=0110h-016fh -pstack=STACK -ACODE=00h-07FFhx4 -ASTRCODE=00h-01FFFh \
  -ASTRING=00h-0FFhx32 -ACONST=00h-0FFhx32 -AENTRY=00h-0FFhx32 \
  -ACOMMON=070h-07Fh -ABANK0=020h-06Fh -ABANK1=0A0h-0EFh \
  -ABANK2=0110h-016Fh -ABANK3=0190h-01EFh \
  -ARAM=020h-06Fh,0A0h-0EFh,0110h-016Fh,0190h-01EFh \
  -AABS1=020h-07Fh,0A0h-0EFh,0110h-016Fh,0190h-01EFh -ASFR0=00h-01Fh \
  -ASFR1=080h-09Fh -ASFR2=0100h-010Fh -ASFR3=0180h-018Fh \
  -preset_vec=00h,intentry=04h,init,end_init -ppowerup=CODE -pcinit=CODE \
  -pfunctab=CODE -ACONFIG=02007h-02007h -pconfig=CONFIG -DCONFIG=2 \
  -AIDLOC=02000h-02003h -pidloc=IDLOC -DIDLOC=2 -AEEDATA=00h-0FFh/02100h \
  -peeprom_data=EEDATA -DEEDATA=2 -DCODE=2 -DSTRCODE=2 -DSTRING=2 -DCONST=2 \
  -DENTRY=2 -k C:\Users\JohnMac\AppData\Local\Temp\s5ro.obj \
  dist/default/production\Assignment1Mech2.production.obj 

Object code version is 3.11

Machine type is 16F877A



                Name                               Link     Load   Length Selector   Space Scale
C:\Users\JohnMac\AppData\Local\Temp\s5ro.obj
                end_init                             12       12        3        8       0
                reset_vec                             0        0        3        0       0
                config                             2007     2007        1     400E       0
dist/default/production\Assignment1Mech2.production.obj
                cinit                                15       15       20        8       0
                intentry                              4        4        E        8       0
                text32                              EF3      EF3       4E     1DE6       0
                text31                              D41      D41       18     1A82       0
                text30                              CBB      CBB        D     1976       0
                text29                              DD0      DD0       25     1BA0       0
                text28                              D2C      D2C       15     1A58       0
                text27                              D18      D18       14     1A30       0
                text26                              CA8      CA8        9     1950       0
                text25                              D05      D05       13     1A0A       0
                text24                              D8D      D8D       20     1B1A       0
                text23                              DAD      DAD       23     1B5A       0
                text22                              587      587       9F        8       0
                text21                              E1A      E1A       28     1C34       0
                text20                              CD6      CD6        F     19AC       0
                text19                              E42      E42       2B     1C84       0
                text18                              D71      D71       1C     1AE2       0
                text17                              74B      74B       6E        8       0
                text16                              4CF      4CF       B8        8       0
                text15                              F41      F41       5F     1E82       0
                text14                              626      626       97        8       0
                text13                               35       35      109        8       0
                text12                              CB1      CB1        A     1962       0
                text11                              7B9      7B9       42        8       0
                text10                              6BD      6BD       8E        8       0
                text9                               E6D      E6D       3C     1CDA       0
                text8                               EA9      EA9       4A     1D52       0
                text7                               FA0      FA0       60     1F40       0
                text6                               238      238       EF        8       0
                text5                               DF5      DF5       25     1BEA       0
                text4                               3FC      3FC       D3        8       0
                text3                               CE5      CE5        F     19CA       0
                text2                               13E      13E       FA        8       0
                text1                               CC8      CC8        E     1990       0
                maintext                            327      327       D5        8       0
                cstackBANK0                          20       20       50       20       1
                cstackCOMMON                         72       72        5       70       1
                cstackBANK1                          A0       A0       19       A0       1
                inittext                            CF4      CF4       11     19E8       0
                dataBANK1                            B9       B9       18       A0       1
                bssBANK1                             D1       D1        9       A0       1
                bssCOMMON                            77       77        3       70       1
                bitbssCOMMON                        380       70        B       70       1     8
                strings                             800      800       1F     1000       0
                idataBANK1                          D59      D59       18     1AB2       0

TOTAL           Name                               Link     Load   Length     Space
        CLASS   STACK          

        CLASS   CODE           
                end_init                             12       12        3         0
                cinit                                15       15       20         0
                intentry                              4        4        E         0
                reset_vec                             0        0        3         0
                text32                              EF3      EF3       4E         0
                text31                              D41      D41       18         0
                text30                              CBB      CBB        D         0
                text29                              DD0      DD0       25         0
                text28                              D2C      D2C       15         0
                text27                              D18      D18       14         0
                text26                              CA8      CA8        9         0
                text25                              D05      D05       13         0
                text24                              D8D      D8D       20         0
                text23                              DAD      DAD       23         0
                text22                              587      587       9F         0
                text21                              E1A      E1A       28         0
                text20                              CD6      CD6        F         0
                text19                              E42      E42       2B         0
                text18                              D71      D71       1C         0
                text17                              74B      74B       6E         0
                text16                              4CF      4CF       B8         0
                text15                              F41      F41       5F         0
                text14                              626      626       97         0
                text13                               35       35      109         0
                text12                              CB1      CB1        A         0
                text11                              7B9      7B9       42         0
                text10                              6BD      6BD       8E         0
                text9                               E6D      E6D       3C         0
                text8                               EA9      EA9       4A         0
                text7                               FA0      FA0       60         0
                text6                               238      238       EF         0
                text5                               DF5      DF5       25         0
                text4                               3FC      3FC       D3         0
                text3                               CE5      CE5        F         0
                text2                               13E      13E       FA         0
                text1                               CC8      CC8        E         0
                maintext                            327      327       D5         0
                inittext                            CF4      CF4       11         0
                idataBANK1                          D59      D59       18         0

        CLASS   STRCODE        

        CLASS   STRING         
                strings                             800      800       1F         0

        CLASS   CONST          

        CLASS   ENTRY          

        CLASS   COMMON         
                cstackCOMMON                         72       72        5         1
                bssCOMMON                            77       77        3         1
                bitbssCOMMON                        380       70        B         1

        CLASS   BANK0          
                cstackBANK0                          20       20       50         1

        CLASS   BANK1          
                cstackBANK1                          A0       A0       19         1
                dataBANK1                            B9       B9       18         1
                bssBANK1                             D1       D1        9         1

        CLASS   BANK2          

        CLASS   BANK3          

        CLASS   RAM            

        CLASS   ABS1           
                abs_s1                               7E       7E        2         1

        CLASS   SFR0           

        CLASS   SFR1           

        CLASS   SFR2           

        CLASS   SFR3           

        CLASS   CONFIG         
                config                             2007     2007        1         0

        CLASS   IDLOC          

        CLASS   EEDATA         



SEGMENTS        Name                           Load    Length   Top    Selector   Space  Class     Delta

                reset_vec                      000000  000003  000003         0       0  CODE        2
                intentry                       000004  0007F7  0007FB         8       0  CODE        2
                cstackBANK0                    000020  000050  000070        20       1  BANK0       1
                bitbssCOMMON                   000070  00000A  00007A        70       1  COMMON      1
                cstackBANK1                    0000A0  00003A  0000DA        A0       1  BANK1       1
                strings                        000800  00001F  00081F      1000       0  STRING      2
                text26                         000CA8  000009  000CB1      1950       0  CODE        2
                text12                         000CB1  00000A  000CBB      1962       0  CODE        2
                text30                         000CBB  00000D  000CC8      1976       0  CODE        2
                text1                          000CC8  00000E  000CD6      1990       0  CODE        2
                text20                         000CD6  00000F  000CE5      19AC       0  CODE        2
                text3                          000CE5  00000F  000CF4      19CA       0  CODE        2
                inittext                       000CF4  000011  000D05      19E8       0  CODE        2
                text25                         000D05  000013  000D18      1A0A       0  CODE        2
                text27                         000D18  000014  000D2C      1A30       0  CODE        2
                text28                         000D2C  000015  000D41      1A58       0  CODE        2
                text31                         000D41  000018  000D59      1A82       0  CODE        2
                idataBANK1                     000D59  000018  000D71      1AB2       0  CODE        2
                text18                         000D71  00001C  000D8D      1AE2       0  CODE        2
                text24                         000D8D  000020  000DAD      1B1A       0  CODE        2
                text23                         000DAD  000023  000DD0      1B5A       0  CODE        2
                text29                         000DD0  000025  000DF5      1BA0       0  CODE        2
                text5                          000DF5  000025  000E1A      1BEA       0  CODE        2
                text21                         000E1A  000028  000E42      1C34       0  CODE        2
                text19                         000E42  00002B  000E6D      1C84       0  CODE        2
                text9                          000E6D  00003C  000EA9      1CDA       0  CODE        2
                text8                          000EA9  00004A  000EF3      1D52       0  CODE        2
                text32                         000EF3  00004E  000F41      1DE6       0  CODE        2
                text15                         000F41  00005F  000FA0      1E82       0  CODE        2
                text7                          000FA0  000060  001000      1F40       0  CODE        2
                config                         002007  000001  002008      400E       0  CONFIG      2


UNUSED ADDRESS RANGES

        Name                Unused          Largest block    Delta
        BANK1            00DA-00EF             16           1
        BANK2            0110-016F             60           1
        BANK3            0190-01EF             60           1
        CODE             0003-0003              1           2
                         07FB-07FF              5
                         081F-0CA7            489
                         1000-1FFF            800
        COMMON           007A-007D              4           1
        CONST            0003-0003              1           2
                         07FB-07FF              5
                         081F-0CA7            100
                         1000-1FFF            100
        EEDATA           2100-21FF            100           2
        ENTRY            0003-0003              1           2
                         07FB-07FF              5
                         081F-0CA7            100
                         1000-1FFF            100
        IDLOC            2000-2003              4           2
        RAM              00DA-00EF             16           1
                         0110-016F             60
                         0190-01EF             60
        SFR0             0000-001F             20           1
        SFR1             0080-009F             20           1
        SFR2             0100-010F             10           1
        SFR3             0180-018F             10           1
        STACK            0110-016F             60           1
        STRCODE          0003-0003              1           2
                         07FB-07FF              5
                         081F-0CA7            489
                         1000-1FFF           1000
        STRING           0003-0003              1           2
                         07FB-07FF              5
                         081F-0CA7            100
                         1000-1FFF            100

                                  Symbol Table

?___altoft                       cstackBANK0  0028
?___awtoft                       cstackBANK0  0028
?___ftadd                        cstackBANK0  005A
?___ftdiv                        cstackBANK0  0033
?___ftmul                        cstackBANK0  0028
?___ftneg                        cstackBANK0  0030
?___ftpack                       cstackBANK0  0020
?___fttol                        cstackBANK0  0043
?___wmul                         cstackBANK0  0020
?_readADCData                    cstackBANK0  0020
?_readADCMeter                   cstackBANK0  006D
?_round                          cstackBANK0  0067
?_trunc                          cstackBANK0  0051
_ADCON0                          (abs)        001F
_ADCS2                           (abs)        04FE
_ADFM                            (abs)        04FF
_ADIE                            (abs)        0466
_ADIF                            (abs)        0066
_ADRESH                          (abs)        001E
_ADRESL                          (abs)        009E
_GIE                             (abs)        005F
_GO                              (abs)        00FA
_PCFG0                           (abs)        04F8
_PCFG1                           (abs)        04F9
_PCFG2                           (abs)        04FA
_PCFG3                           (abs)        04FB
_PEIE                            (abs)        005E
_PORTC                           (abs)        0007
_PORTD                           (abs)        0008
_PORTE                           (abs)        0009
_PS0                             (abs)        0408
_PS1                             (abs)        0409
_PS2                             (abs)        040A
_PSA                             (abs)        040B
_RB0                             (abs)        0030
_RB1                             (abs)        0031
_RB2                             (abs)        0032
_RB3                             (abs)        0033
_RB4                             (abs)        0034
_RB5                             (abs)        0035
_RE0                             (abs)        0048
_RE1                             (abs)        0049
_RE2                             (abs)        004A
_T0CS                            (abs)        040D
_T0IF                            (abs)        005A
_T0SE                            (abs)        040C
_TMR0                            (abs)        0001
_TMR0IE                          (abs)        005D
_TRISA                           (abs)        0085
_TRISB                           (abs)        0086
_TRISC                           (abs)        0087
_TRISD                           (abs)        0088
_TRISE                           (abs)        0089
__CFG_BOREN$OFF                  (abs)        0000
__CFG_CP$OFF                     (abs)        0000
__CFG_CPD$OFF                    (abs)        0000
__CFG_FOSC$HS                    (abs)        0000
__CFG_LVP$OFF                    (abs)        0000
__CFG_PWRTE$OFF                  (abs)        0000
__CFG_WDTE$OFF                   (abs)        0000
__CFG_WRT$OFF                    (abs)        0000
__Habs1                          abs1         0000
__Hbank0                         bank0        0000
__Hbank1                         bank1        0000
__Hbank2                         bank2        0000
__Hbank3                         bank3        0000
__HbitbssCOMMON                  bitbssCOMMON 0000
__HbssBANK1                      bssBANK1     0000
__HbssCOMMON                     bssCOMMON    0000
__Hcinit                         cinit        0035
__Hclrtext                       clrtext      0000
__Hcode                          code         0000
__Hcommon                        common       0000
__Hconfig                        config       2008
__HcstackBANK0                   cstackBANK0  0000
__HcstackBANK1                   cstackBANK1  0000
__HcstackCOMMON                  cstackCOMMON 0000
__HdataBANK1                     dataBANK1    0000
__Heeprom_data                   eeprom_data  0000
__Hend_init                      end_init     0015
__Hfunctab                       functab      0000
__HidataBANK1                    idataBANK1   0000
__Hidloc                         idloc        0000
__Hinit                          init         0012
__Hinittext                      inittext     0000
__Hintentry                      intentry     0012
__Hmaintext                      maintext     0000
__Hpowerup                       powerup      0000
__Hram                           ram          0000
__Hreset_vec                     reset_vec    0003
__Hsfr0                          sfr0         0000
__Hsfr1                          sfr1         0000
__Hsfr2                          sfr2         0000
__Hsfr3                          sfr3         0000
__Hspace_0                       (abs)        2008
__Hspace_1                       (abs)        038B
__Hspace_2                       (abs)        0000
__Hspace_3                       (abs)        0000
__Hstack                         stack        0000
__Hstrings                       strings      0000
__Htext                          text         0000
__Labs1                          abs1         0000
__Lbank0                         bank0        0000
__Lbank1                         bank1        0000
__Lbank2                         bank2        0000
__Lbank3                         bank3        0000
__LbitbssCOMMON                  bitbssCOMMON 0000
__LbssBANK1                      bssBANK1     0000
__LbssCOMMON                     bssCOMMON    0000
__Lcinit                         cinit        0015
__Lclrtext                       clrtext      0000
__Lcode                          code         0000
__Lcommon                        common       0000
__Lconfig                        config       2007
__LcstackBANK0                   cstackBANK0  0000
__LcstackBANK1                   cstackBANK1  0000
__LcstackCOMMON                  cstackCOMMON 0000
__LdataBANK1                     dataBANK1    0000
__Leeprom_data                   eeprom_data  0000
__Lend_init                      end_init     0012
__Lfunctab                       functab      0000
__LidataBANK1                    idataBANK1   0000
__Lidloc                         idloc        0000
__Linit                          init         0012
__Linittext                      inittext     0000
__Lintentry                      intentry     0004
__Lmaintext                      maintext     0000
__Lpowerup                       powerup      0000
__Lram                           ram          0000
__Lreset_vec                     reset_vec    0000
__Lsfr0                          sfr0         0000
__Lsfr1                          sfr1         0000
__Lsfr2                          sfr2         0000
__Lsfr3                          sfr3         0000
__Lspace_0                       (abs)        0000
__Lspace_1                       (abs)        0000
__Lspace_2                       (abs)        0000
__Lspace_3                       (abs)        0000
__Lstack                         stack        0000
__Lstrings                       strings      0000
__Ltext                          text         0000
__S0                             (abs)        2008
__S1                             (abs)        00DA
__S2                             (abs)        0000
__S3                             (abs)        0000
___altoft                        text11       07B9
___altoft@c                      cstackBANK0  0028
___altoft@exp                    cstackBANK0  002E
___altoft@sign                   cstackBANK0  002F
___awtoft                        text5        0DF5
___awtoft@c                      cstackBANK0  0028
___awtoft@sign                   cstackBANK0  002D
___ftadd                         text13       0035
___ftadd@exp1                    cstackBANK0  0066
___ftadd@exp2                    cstackBANK0  0065
___ftadd@f1                      cstackBANK0  005A
___ftadd@f2                      cstackBANK0  005D
___ftadd@sign                    cstackBANK0  0064
___ftdiv                         text16       04CF
___ftdiv@cntr                    cstackBANK0  003D
___ftdiv@exp                     cstackBANK0  0041
___ftdiv@f1                      cstackBANK0  0036
___ftdiv@f2                      cstackBANK0  0033
___ftdiv@f3                      cstackBANK0  003E
___ftdiv@sign                    cstackBANK0  0042
___ftge                          text15       0F41
___ftge@ff1                      cstackBANK0  0020
___ftge@ff2                      cstackBANK0  0023
___ftmul                         text4        03FC
___ftmul@cntr                    cstackBANK0  0036
___ftmul@exp                     cstackBANK0  0032
___ftmul@f1                      cstackBANK0  0028
___ftmul@f2                      cstackBANK0  002B
___ftmul@f3_as_product           cstackBANK0  0033
___ftmul@sign                    cstackBANK0  0037
___ftneg                         text12       0CB1
___ftneg@f1                      cstackBANK0  0030
___ftpack                        text17       074B
___ftpack@arg                    cstackBANK0  0020
___ftpack@exp                    cstackBANK0  0023
___ftpack@sign                   cstackBANK0  0024
___fttol                         text10       06BD
___fttol@exp1                    cstackBANK0  0050
___fttol@f1                      cstackBANK0  0043
___fttol@lval                    cstackBANK0  004C
___fttol@sign1                   cstackBANK0  004B
___int_sp                        stack        0000
___latbits                       (abs)        0002
___sp                            stack        0000
___wmul                          text23       0DAD
___wmul@multiplicand             cstackBANK0  0022
___wmul@multiplier               cstackBANK0  0020
___wmul@product                  cstackBANK0  0024
__end_of___altoft                text11       07FB
__end_of___awtoft                text5        0E1A
__end_of___ftadd                 text13       013E
__end_of___ftdiv                 text16       0587
__end_of___ftge                  text15       0FA0
__end_of___ftmul                 text4        04CF
__end_of___ftneg                 text12       0CBB
__end_of___ftpack                text17       07B9
__end_of___fttol                 text10       074B
__end_of___wmul                  text23       0DD0
__end_of__initialization         cinit        0031
__end_of__stringtab              strings      0806
__end_of_debounceButtons         text32       0F41
__end_of_flashLed                text31       0D59
__end_of_frexp                   text9        0EA9
__end_of_initialise              text18       0D8D
__end_of_initializeADC           text28       0D41
__end_of_initializeMotor         text21       0E42
__end_of_initializeTimer0        text20       0CE5
__end_of_isr                     text29       0DF5
__end_of_lcdRefresh              text30       0CC8
__end_of_lcdSetCursor            text26       0CB1
__end_of_lcdWriteControl         text27       0D2C
__end_of_lcdWriteData            text25       0D18
__end_of_lcdWriteString          text24       0DAD
__end_of_lcdWriteToDigitBCD      text22       0626
__end_of_main                    maintext     03FC
__end_of_move                    text14       06BD
__end_of_moveDeg                 text6        0327
__end_of_readADCData             text3        0CF4
__end_of_readADCMeter            text2        0238
__end_of_round                   text7        1000
__end_of_setupLCD                text19       0E6D
__end_of_startADCConversion      text1        0CD6
__end_of_trunc                   text8        0EF3
__initialization                 cinit        0015
__pbitbssCOMMON                  bitbssCOMMON 0380
__pbssBANK1                      bssBANK1     00D1
__pbssCOMMON                     bssCOMMON    0077
__pcstackBANK0                   cstackBANK0  0020
__pcstackBANK1                   cstackBANK1  00A0
__pcstackCOMMON                  cstackCOMMON 0072
__pdataBANK1                     dataBANK1    00B9
__pidataBANK1                    idataBANK1   0D59
__pintentry                      intentry     0004
__pmaintext                      maintext     0327
__pstrings                       strings      0800
__ptext1                         text1        0CC8
__ptext10                        text10       06BD
__ptext11                        text11       07B9
__ptext12                        text12       0CB1
__ptext13                        text13       0035
__ptext14                        text14       0626
__ptext15                        text15       0F41
__ptext16                        text16       04CF
__ptext17                        text17       074B
__ptext18                        text18       0D71
__ptext19                        text19       0E42
__ptext2                         text2        013E
__ptext20                        text20       0CD6
__ptext21                        text21       0E1A
__ptext22                        text22       0587
__ptext23                        text23       0DAD
__ptext24                        text24       0D8D
__ptext25                        text25       0D05
__ptext26                        text26       0CA8
__ptext27                        text27       0D18
__ptext28                        text28       0D2C
__ptext29                        text29       0DD0
__ptext3                         text3        0CE5
__ptext30                        text30       0CBB
__ptext31                        text31       0D41
__ptext32                        text32       0EF3
__ptext4                         text4        03FC
__ptext5                         text5        0DF5
__ptext6                         text6        0238
__ptext7                         text7        0FA0
__ptext8                         text8        0EA9
__ptext9                         text9        0E6D
__size_of___altoft               (abs)        0000
__size_of___awtoft               (abs)        0000
__size_of___ftadd                (abs)        0000
__size_of___ftdiv                (abs)        0000
__size_of___ftge                 (abs)        0000
__size_of___ftmul                (abs)        0000
__size_of___ftneg                (abs)        0000
__size_of___ftpack               (abs)        0000
__size_of___fttol                (abs)        0000
__size_of___wmul                 (abs)        0000
__size_of_debounceButtons        (abs)        0000
__size_of_flashLed               (abs)        0000
__size_of_frexp                  (abs)        0000
__size_of_initialise             (abs)        0000
__size_of_initializeADC          (abs)        0000
__size_of_initializeMotor        (abs)        0000
__size_of_initializeTimer0       (abs)        0000
__size_of_isr                    (abs)        0000
__size_of_lcdRefresh             (abs)        0000
__size_of_lcdSetCursor           (abs)        0000
__size_of_lcdWriteControl        (abs)        0000
__size_of_lcdWriteData           (abs)        0000
__size_of_lcdWriteString         (abs)        0000
__size_of_lcdWriteToDigitBCD     (abs)        0000
__size_of_main                   (abs)        0000
__size_of_move                   (abs)        0000
__size_of_moveDeg                (abs)        0000
__size_of_readADCData            (abs)        0000
__size_of_readADCMeter           (abs)        0000
__size_of_round                  (abs)        0000
__size_of_setupLCD               (abs)        0000
__size_of_startADCConversion     (abs)        0000
__size_of_trunc                  (abs)        0000
__stringbase                     strings      0805
__stringtab                      strings      0800
_conversionDone                  bitbssCOMMON 0380
_cstep                           bssCOMMON    0077
_debounceButtons                 text32       0EF3
_flashLed                        text31       0D41
_frexp                           text9        0E6D
_halfSteps                       dataBANK1    00B9
_initialise                      text18       0D71
_initializeADC                   text28       0D2C
_initializeMotor                 text21       0E1A
_initializeTimer0                text20       0CD6
_irLcdCounter                    bssBANK1     00D7
_isr                             text29       0DD0
_lcdRefresh                      text30       0CBB
_lcdSetCursor                    text26       0CA8
_lcdWriteControl                 text27       0D18
_lcdWriteData                    text25       0D05
_lcdWriteString                  text24       0D8D
_lcdWriteToDigitBCD              text22       0587
_main                            maintext     0327
_motorToggle                     bitbssCOMMON 0381
_move                            text14       0626
_moveDeg                         text6        0238
_moveDeg$686                     cstackBANK1  00A1
_moveDeg$687                     cstackBANK1  00A4
_moveDeg$688                     cstackBANK1  00A7
_nrOfSteps                       bssBANK1     00D3
_pb0Pressed                      bitbssCOMMON 0382
_pb0Released                     bitbssCOMMON 0383
_pb1Pressed                      bitbssCOMMON 0384
_pb1Released                     bitbssCOMMON 0385
_pb2Pressed                      bitbssCOMMON 0386
_pb2Released                     bitbssCOMMON 0387
_pb3Pressed                      bitbssCOMMON 0388
_pb3Released                     bitbssCOMMON 0389
_pbCounter                       bssCOMMON    0078
_pbCounter2                      bssCOMMON    0079
_pbCounter3                      bssBANK1     00D8
_pbCounter4                      bssBANK1     00D9
_readADCData                     text3        0CE5
_readADCMeter                    text2        013E
_readADCMeter$689                cstackBANK1  00AC
_round                           text7        0FA0
_rtcCounter                      bssBANK1     00D5
_setupLCD                        text19       0E42
_startADCConversion              text1        0CC8
_trunc                           text8        0EA9
_updateLcdIRData                 bitbssCOMMON 038A
btemp                            (abs)        007E
end_of_initialization            cinit        0031
frexp@eptr                       cstackBANK0  0023
frexp@value                      cstackBANK0  0020
init_fetch0                      inittext     0CF4
init_ram0                        inittext     0CF8
interrupt_function               intentry     0004
intlevel0                        functab      0000
intlevel1                        functab      0000
intlevel2                        functab      0000
intlevel3                        functab      0000
intlevel4                        functab      0000
intlevel5                        functab      0000
lcdSetCursor@address             cstackBANK0  0023
lcdWriteControl@databyte         cstackBANK0  0022
lcdWriteData@databyte            cstackBANK0  0022
lcdWriteString@s                 cstackBANK0  0024
lcdWriteToDigitBCD@HundredDigit  cstackBANK0  002C
lcdWriteToDigitBCD@OnesDigit     cstackBANK0  002F
lcdWriteToDigitBCD@TensDigit     cstackBANK0  002B
lcdWriteToDigitBCD@ThousandDigit cstackBANK0  002D
lcdWriteToDigitBCD@data          cstackBANK0  0026
lcdWriteToDigitBCD@digits        cstackBANK0  0028
lcdWriteToDigitBCD@showSign      cstackBANK0  0029
lcdWriteToDigitBCD@sign          cstackBANK0  002E
ltemp                            (abs)        007E
ltemp0                           (abs)        007E
ltemp1                           (abs)        0082
ltemp2                           (abs)        0086
ltemp3                           (abs)        0080
main@result                      cstackBANK1  00B5
main@resultInMeters              cstackBANK1  00B7
move@direction                   cstackBANK0  0031
move@i                           cstackBANK0  0035
move@steps                       cstackBANK0  0034
moveDeg@deg                      cstackBANK0  006D
moveDeg@stepsToMove              cstackBANK1  00AA
readADCData@ADCResult            cstackBANK0  0022
readADCMeter@k                   cstackBANK1  00A3
readADCMeter@m                   cstackBANK1  00A6
readADCMeter@raw                 cstackBANK1  00AF
readADCMeter@rawInverted         cstackBANK1  00A0
readADCMeter@result              cstackBANK1  00A9
readADCMeter@resultInInt         cstackBANK1  00B1
reset_vec                        reset_vec    0000
round@f                          cstackBANK0  006A
round@x                          cstackBANK0  0067
saved_w                          (abs)        007E
stackhi                          (abs)        0000
stacklo                          (abs)        0000
start                            init         0012
start_initialization             cinit        0015
trunc@expon                      cstackBANK0  0058
trunc@i                          cstackBANK0  0055
trunc@x                          cstackBANK0  0051
ttemp                            (abs)        007E
ttemp0                           (abs)        007E
ttemp1                           (abs)        0081
ttemp2                           (abs)        0084
ttemp3                           (abs)        0087
ttemp4                           (abs)        007F
wtemp                            (abs)        007E
wtemp0                           (abs)        007E
wtemp1                           (abs)        0080
wtemp2                           (abs)        0082
wtemp3                           (abs)        0084
wtemp4                           (abs)        0086
wtemp5                           (abs)        0088
wtemp6                           (abs)        007F


FUNCTION INFORMATION:

 *************** function _main *****************
 Defined at:
		line 46 in file "main.c"
 Parameters:    Size  Location     Type
		None
 Auto vars:     Size  Location     Type
  resultInMete    2   23[BANK1 ] int 
  result          2   21[BANK1 ] int 
 Return value:  Size  Location     Type
                  1    wreg      void 
 Registers used:
		wreg, fsr0l, fsr0h, status,2, status,0, btemp+1, pclath, cstack
 Tracked objects:
		On entry : 
		On exit  : 
		Unchanged: 
 Data sizes:     COMMON   BANK0   BANK1   BANK3   BANK2
      Params:         0       0       0       0       0
      Locals:         0       0       4       0       0
      Temps:          0       0       2       0       0
      Totals:         0       0       6       0       0
Total ram usage:        6 bytes
 Hardware stack levels required when called:    7
 This function calls:
		_initialise
		_lcdSetCursor
		_lcdWriteString
		_lcdWriteToDigitBCD
		_move
		_moveDeg
		_readADCData
		_readADCMeter
		_startADCConversion
 This function is called by:
		Startup code after reset
 This function uses a non-reentrant model


 *************** function _startADCConversion *****************
 Defined at:
		line 47 in file "adConv.c"
 Parameters:    Size  Location     Type
		None
 Auto vars:     Size  Location     Type
		None
 Return value:  Size  Location     Type
                  1    wreg      void 
 Registers used:
		wreg
 Tracked objects:
		On entry : 
		On exit  : 
		Unchanged: 
 Data sizes:     COMMON   BANK0   BANK1   BANK3   BANK2
      Params:         0       0       0       0       0
      Locals:         0       0       0       0       0
      Temps:          0       2       0       0       0
      Totals:         0       2       0       0       0
Total ram usage:        2 bytes
 Hardware stack levels used:    1
 Hardware stack levels required when called:    2
 This function calls:
		Nothing
 This function is called by:
		_main
 This function uses a non-reentrant model


 *************** function _readADCMeter *****************
 Defined at:
		line 37 in file "adConv.c"
 Parameters:    Size  Location     Type
		None
 Auto vars:     Size  Location     Type
  result          3    9[BANK1 ] void 
  m               3    6[BANK1 ] void 
  k               3    3[BANK1 ] void 
  rawInverted     3    0[BANK1 ] void 
  resultInInt     2   17[BANK1 ] int 
  raw             2   15[BANK1 ] int 
 Return value:  Size  Location     Type
                  2   77[BANK0 ] int 
 Registers used:
		wreg, fsr0l, fsr0h, status,2, status,0, btemp+1, pclath, cstack
 Tracked objects:
		On entry : 
		On exit  : 
		Unchanged: 
 Data sizes:     COMMON   BANK0   BANK1   BANK3   BANK2
      Params:         0       2       0       0       0
      Locals:         0       0      19       0       0
      Temps:          0       0       0       0       0
      Totals:         0       2      19       0       0
Total ram usage:       21 bytes
 Hardware stack levels used:    1
 Hardware stack levels required when called:    6
 This function calls:
		___awtoft
		___ftadd
		___ftdiv
		___ftmul
		___fttol
		_readADCData
		_round
 This function is called by:
		_main
 This function uses a non-reentrant model


 *************** function _readADCData *****************
 Defined at:
		line 29 in file "adConv.c"
 Parameters:    Size  Location     Type
		None
 Auto vars:     Size  Location     Type
  ADCResult       2    2[BANK0 ] int 
 Return value:  Size  Location     Type
                  2    0[BANK0 ] int 
 Registers used:
		wreg
 Tracked objects:
		On entry : 
		On exit  : 
		Unchanged: 
 Data sizes:     COMMON   BANK0   BANK1   BANK3   BANK2
      Params:         0       2       0       0       0
      Locals:         0       2       0       0       0
      Temps:          0       0       0       0       0
      Totals:         0       4       0       0       0
Total ram usage:        4 bytes
 Hardware stack levels used:    1
 Hardware stack levels required when called:    2
 This function calls:
		Nothing
 This function is called by:
		_main
		_readADCMeter
 This function uses a non-reentrant model


 *************** function ___ftmul *****************
 Defined at:
		line 62 in file "C:\Program Files (x86)\Microchip\xc8\v1.37\sources\common\ftmul.c"
 Parameters:    Size  Location     Type
  f1              3    8[BANK0 ] float 
  f2              3   11[BANK0 ] float 
 Auto vars:     Size  Location     Type
  f3_as_produc    3   19[BANK0 ] unsigned um
  sign            1   23[BANK0 ] unsigned char 
  cntr            1   22[BANK0 ] unsigned char 
  exp             1   18[BANK0 ] unsigned char 
 Return value:  Size  Location     Type
                  3    8[BANK0 ] float 
 Registers used:
		wreg, status,2, status,0, pclath, cstack
 Tracked objects:
		On entry : 
		On exit  : 
		Unchanged: 
 Data sizes:     COMMON   BANK0   BANK1   BANK3   BANK2
      Params:         0       6       0       0       0
      Locals:         0       6       0       0       0
      Temps:          0       4       0       0       0
      Totals:         0      16       0       0       0
Total ram usage:       16 bytes
 Hardware stack levels used:    1
 Hardware stack levels required when called:    3
 This function calls:
		___ftpack
 This function is called by:
		_readADCMeter
 This function uses a non-reentrant model


 *************** function ___awtoft *****************
 Defined at:
		line 32 in file "C:\Program Files (x86)\Microchip\xc8\v1.37\sources\common\awtoft.c"
 Parameters:    Size  Location     Type
  c               2    8[BANK0 ] int 
 Auto vars:     Size  Location     Type
  sign            1   13[BANK0 ] unsigned char 
 Return value:  Size  Location     Type
                  3    8[BANK0 ] float 
 Registers used:
		wreg, status,2, status,0, pclath, cstack
 Tracked objects:
		On entry : 
		On exit  : 
		Unchanged: 
 Data sizes:     COMMON   BANK0   BANK1   BANK3   BANK2
      Params:         0       3       0       0       0
      Locals:         0       1       0       0       0
      Temps:          0       2       0       0       0
      Totals:         0       6       0       0       0
Total ram usage:        6 bytes
 Hardware stack levels used:    1
 Hardware stack levels required when called:    3
 This function calls:
		___ftpack
 This function is called by:
		_readADCMeter
 This function uses a non-reentrant model


 *************** function _moveDeg *****************
 Defined at:
		line 72 in file "motor.c"
 Parameters:    Size  Location     Type
  deg             3   77[BANK0 ] float 
 Auto vars:     Size  Location     Type
  stepsToMove     1   10[BANK1 ] unsigned char 
 Return value:  Size  Location     Type
                  1    wreg      void 
 Registers used:
		wreg, fsr0l, fsr0h, status,2, status,0, btemp+1, pclath, cstack
 Tracked objects:
		On entry : 
		On exit  : 
		Unchanged: 
 Data sizes:     COMMON   BANK0   BANK1   BANK3   BANK2
      Params:         0       3       0       0       0
      Locals:         0       0      10       0       0
      Temps:          0       0       1       0       0
      Totals:         0       3      11       0       0
Total ram usage:       14 bytes
 Hardware stack levels used:    1
 Hardware stack levels required when called:    6
 This function calls:
		___ftdiv
		___ftge
		___ftneg
		___fttol
		_move
		_round
 This function is called by:
		_main
 This function uses a non-reentrant model


 *************** function _round *****************
 Defined at:
		line 6 in file "C:\Program Files (x86)\Microchip\xc8\v1.37\sources\common\round.c"
 Parameters:    Size  Location     Type
  x               3   71[BANK0 ] void 
 Auto vars:     Size  Location     Type
  f               3   74[BANK0 ] void 
 Return value:  Size  Location     Type
                  3   71[BANK0 ] void 
 Registers used:
		wreg, fsr0l, fsr0h, status,2, status,0, btemp+1, pclath, cstack
 Tracked objects:
		On entry : 
		On exit  : 
		Unchanged: 
 Data sizes:     COMMON   BANK0   BANK1   BANK3   BANK2
      Params:         0       3       0       0       0
      Locals:         0       3       0       0       0
      Temps:          0       0       0       0       0
      Totals:         0       6       0       0       0
Total ram usage:        6 bytes
 Hardware stack levels used:    1
 Hardware stack levels required when called:    5
 This function calls:
		___ftadd
		___ftneg
		_trunc
 This function is called by:
		_moveDeg
		_readADCMeter
 This function uses a non-reentrant model


 *************** function _trunc *****************
 Defined at:
		line 13 in file "C:\Program Files (x86)\Microchip\xc8\v1.37\sources\common\trunc.c"
 Parameters:    Size  Location     Type
  x               3   49[BANK0 ] void 
 Auto vars:     Size  Location     Type
  i               3   53[BANK0 ] void 
  expon           2   56[BANK0 ] int 
 Return value:  Size  Location     Type
                  3   49[BANK0 ] int 
 Registers used:
		wreg, fsr0l, fsr0h, status,2, status,0, btemp+1, pclath, cstack
 Tracked objects:
		On entry : 
		On exit  : 
		Unchanged: 
 Data sizes:     COMMON   BANK0   BANK1   BANK3   BANK2
      Params:         0       3       0       0       0
      Locals:         0       5       0       0       0
      Temps:          0       1       0       0       0
      Totals:         0       9       0       0       0
Total ram usage:        9 bytes
 Hardware stack levels used:    1
 Hardware stack levels required when called:    4
 This function calls:
		___altoft
		___fttol
		_frexp
 This function is called by:
		_round
 This function uses a non-reentrant model


 *************** function _frexp *****************
 Defined at:
		line 254 in file "C:\Program Files (x86)\Microchip\xc8\v1.37\sources\common\frexp.c"
 Parameters:    Size  Location     Type
  value           3    0[BANK0 ] int 
  eptr            1    3[BANK0 ] PTR int 
		 -> trunc@expon(2), 
 Auto vars:     Size  Location     Type
		None
 Return value:  Size  Location     Type
                  3    0[BANK0 ] PTR int 
 Registers used:
		wreg, fsr0l, fsr0h, status,2, status,0, btemp+1
 Tracked objects:
		On entry : 
		On exit  : 
		Unchanged: 
 Data sizes:     COMMON   BANK0   BANK1   BANK3   BANK2
      Params:         0       4       0       0       0
      Locals:         0       0       0       0       0
      Temps:          0       2       0       0       0
      Totals:         0       6       0       0       0
Total ram usage:        6 bytes
 Hardware stack levels used:    1
 Hardware stack levels required when called:    2
 This function calls:
		Nothing
 This function is called by:
		_trunc
 This function uses a non-reentrant model


 *************** function ___fttol *****************
 Defined at:
		line 44 in file "C:\Program Files (x86)\Microchip\xc8\v1.37\sources\common\fttol.c"
 Parameters:    Size  Location     Type
  f1              3   35[BANK0 ] float 
 Auto vars:     Size  Location     Type
  lval            4   44[BANK0 ] unsigned long 
  exp1            1   48[BANK0 ] unsigned char 
  sign1           1   43[BANK0 ] unsigned char 
 Return value:  Size  Location     Type
                  4   35[BANK0 ] long 
 Registers used:
		wreg, status,2, status,0
 Tracked objects:
		On entry : 
		On exit  : 
		Unchanged: 
 Data sizes:     COMMON   BANK0   BANK1   BANK3   BANK2
      Params:         0       4       0       0       0
      Locals:         0       6       0       0       0
      Temps:          0       4       0       0       0
      Totals:         0      14       0       0       0
Total ram usage:       14 bytes
 Hardware stack levels used:    1
 Hardware stack levels required when called:    2
 This function calls:
		Nothing
 This function is called by:
		_moveDeg
		_readADCMeter
		_trunc
 This function uses a non-reentrant model


 *************** function ___altoft *****************
 Defined at:
		line 42 in file "C:\Program Files (x86)\Microchip\xc8\v1.37\sources\common\altoft.c"
 Parameters:    Size  Location     Type
  c               4    8[BANK0 ] long 
 Auto vars:     Size  Location     Type
  sign            1   15[BANK0 ] unsigned char 
  exp             1   14[BANK0 ] unsigned char 
 Return value:  Size  Location     Type
                  3    8[BANK0 ] float 
 Registers used:
		wreg, status,2, status,0, pclath, cstack
 Tracked objects:
		On entry : 
		On exit  : 
		Unchanged: 
 Data sizes:     COMMON   BANK0   BANK1   BANK3   BANK2
      Params:         0       4       0       0       0
      Locals:         0       2       0       0       0
      Temps:          0       2       0       0       0
      Totals:         0       8       0       0       0
Total ram usage:        8 bytes
 Hardware stack levels used:    1
 Hardware stack levels required when called:    3
 This function calls:
		___ftpack
 This function is called by:
		_trunc
 This function uses a non-reentrant model


 *************** function ___ftneg *****************
 Defined at:
		line 15 in file "C:\Program Files (x86)\Microchip\xc8\v1.37\sources\common\ftneg.c"
 Parameters:    Size  Location     Type
  f1              3   16[BANK0 ] float 
 Auto vars:     Size  Location     Type
		None
 Return value:  Size  Location     Type
                  3   16[BANK0 ] float 
 Registers used:
		wreg
 Tracked objects:
		On entry : 
		On exit  : 
		Unchanged: 
 Data sizes:     COMMON   BANK0   BANK1   BANK3   BANK2
      Params:         0       3       0       0       0
      Locals:         0       0       0       0       0
      Temps:          0       0       0       0       0
      Totals:         0       3       0       0       0
Total ram usage:        3 bytes
 Hardware stack levels used:    1
 Hardware stack levels required when called:    2
 This function calls:
		Nothing
 This function is called by:
		_moveDeg
		_round
 This function uses a non-reentrant model


 *************** function ___ftadd *****************
 Defined at:
		line 86 in file "C:\Program Files (x86)\Microchip\xc8\v1.37\sources\common\ftadd.c"
 Parameters:    Size  Location     Type
  f1              3   58[BANK0 ] float 
  f2              3   61[BANK0 ] float 
 Auto vars:     Size  Location     Type
  exp1            1   70[BANK0 ] unsigned char 
  exp2            1   69[BANK0 ] unsigned char 
  sign            1   68[BANK0 ] unsigned char 
 Return value:  Size  Location     Type
                  3   58[BANK0 ] float 
 Registers used:
		wreg, status,2, status,0, pclath, cstack
 Tracked objects:
		On entry : 
		On exit  : 
		Unchanged: 
 Data sizes:     COMMON   BANK0   BANK1   BANK3   BANK2
      Params:         0       6       0       0       0
      Locals:         0       3       0       0       0
      Temps:          0       4       0       0       0
      Totals:         0      13       0       0       0
Total ram usage:       13 bytes
 Hardware stack levels used:    1
 Hardware stack levels required when called:    3
 This function calls:
		___ftpack
 This function is called by:
		_readADCMeter
		_round
 This function uses a non-reentrant model


 *************** function _move *****************
 Defined at:
		line 28 in file "motor.c"
 Parameters:    Size  Location     Type
  steps           1    wreg     unsigned char 
  direction       1   17[BANK0 ] unsigned char 
 Auto vars:     Size  Location     Type
  steps           1   20[BANK0 ] unsigned char 
  i               1   21[BANK0 ] unsigned char 
 Return value:  Size  Location     Type
                  1    wreg      void 
 Registers used:
		wreg, fsr0l, fsr0h, status,2, status,0, pclath, cstack
 Tracked objects:
		On entry : 
		On exit  : 
		Unchanged: 
 Data sizes:     COMMON   BANK0   BANK1   BANK3   BANK2
      Params:         0       1       0       0       0
      Locals:         0       2       0       0       0
      Temps:          0       2       0       0       0
      Totals:         0       5       0       0       0
Total ram usage:        5 bytes
 Hardware stack levels used:    1
 Hardware stack levels required when called:    4
 This function calls:
		_lcdSetCursor
		_lcdWriteString
		_lcdWriteToDigitBCD
 This function is called by:
		_main
		_moveDeg
 This function uses a non-reentrant model


 *************** function ___ftge *****************
 Defined at:
		line 4 in file "C:\Program Files (x86)\Microchip\xc8\v1.37\sources\common\ftge.c"
 Parameters:    Size  Location     Type
  ff1             3    0[BANK0 ] float 
  ff2             3    3[BANK0 ] float 
 Auto vars:     Size  Location     Type
		None
 Return value:  Size  Location     Type
		None               void
 Registers used:
		wreg, status,2, status,0
 Tracked objects:
		On entry : 
		On exit  : 
		Unchanged: 
 Data sizes:     COMMON   BANK0   BANK1   BANK3   BANK2
      Params:         0       6       0       0       0
      Locals:         0       0       0       0       0
      Temps:          0       6       0       0       0
      Totals:         0      12       0       0       0
Total ram usage:       12 bytes
 Hardware stack levels used:    1
 Hardware stack levels required when called:    2
 This function calls:
		Nothing
 This function is called by:
		_moveDeg
 This function uses a non-reentrant model


 *************** function ___ftdiv *****************
 Defined at:
		line 56 in file "C:\Program Files (x86)\Microchip\xc8\v1.37\sources\common\ftdiv.c"
 Parameters:    Size  Location     Type
  f2              3   19[BANK0 ] float 
  f1              3   22[BANK0 ] float 
 Auto vars:     Size  Location     Type
  f3              3   30[BANK0 ] float 
  sign            1   34[BANK0 ] unsigned char 
  exp             1   33[BANK0 ] unsigned char 
  cntr            1   29[BANK0 ] unsigned char 
 Return value:  Size  Location     Type
                  3   19[BANK0 ] float 
 Registers used:
		wreg, status,2, status,0, pclath, cstack
 Tracked objects:
		On entry : 
		On exit  : 
		Unchanged: 
 Data sizes:     COMMON   BANK0   BANK1   BANK3   BANK2
      Params:         0       6       0       0       0
      Locals:         0       6       0       0       0
      Temps:          0       4       0       0       0
      Totals:         0      16       0       0       0
Total ram usage:       16 bytes
 Hardware stack levels used:    1
 Hardware stack levels required when called:    3
 This function calls:
		___ftpack
 This function is called by:
		_moveDeg
		_readADCMeter
 This function uses a non-reentrant model


 *************** function ___ftpack *****************
 Defined at:
		line 62 in file "C:\Program Files (x86)\Microchip\xc8\v1.37\sources\common\float.c"
 Parameters:    Size  Location     Type
  arg             3    0[BANK0 ] unsigned um
  exp             1    3[BANK0 ] unsigned char 
  sign            1    4[BANK0 ] unsigned char 
 Auto vars:     Size  Location     Type
		None
 Return value:  Size  Location     Type
                  3    0[BANK0 ] float 
 Registers used:
		wreg, status,2, status,0
 Tracked objects:
		On entry : 
		On exit  : 
		Unchanged: 
 Data sizes:     COMMON   BANK0   BANK1   BANK3   BANK2
      Params:         0       5       0       0       0
      Locals:         0       0       0       0       0
      Temps:          0       3       0       0       0
      Totals:         0       8       0       0       0
Total ram usage:        8 bytes
 Hardware stack levels used:    1
 Hardware stack levels required when called:    2
 This function calls:
		Nothing
 This function is called by:
		___altoft
		___awtoft
		___ftadd
		___ftdiv
		___ftmul
 This function uses a non-reentrant model


 *************** function _initialise *****************
 Defined at:
		line 26 in file "main.c"
 Parameters:    Size  Location     Type
		None
 Auto vars:     Size  Location     Type
		None
 Return value:  Size  Location     Type
                  1    wreg      void 
 Registers used:
		wreg, fsr0l, fsr0h, status,2, status,0, pclath, cstack
 Tracked objects:
		On entry : 
		On exit  : 
		Unchanged: 
 Data sizes:     COMMON   BANK0   BANK1   BANK3   BANK2
      Params:         0       0       0       0       0
      Locals:         0       0       0       0       0
      Temps:          0       0       0       0       0
      Totals:         0       0       0       0       0
Total ram usage:        0 bytes
 Hardware stack levels used:    1
 Hardware stack levels required when called:    5
 This function calls:
		_initializeADC
		_initializeMotor
		_initializeTimer0
		_setupLCD
 This function is called by:
		_main
 This function uses a non-reentrant model


 *************** function _setupLCD *****************
 Defined at:
		line 85 in file "lcd.c"
 Parameters:    Size  Location     Type
		None
 Auto vars:     Size  Location     Type
		None
 Return value:  Size  Location     Type
                  1    wreg      void 
 Registers used:
		wreg, status,2, status,0, pclath, cstack
 Tracked objects:
		On entry : 
		On exit  : 
		Unchanged: 
 Data sizes:     COMMON   BANK0   BANK1   BANK3   BANK2
      Params:         0       0       0       0       0
      Locals:         0       0       0       0       0
      Temps:          0       0       0       0       0
      Totals:         0       0       0       0       0
Total ram usage:        0 bytes
 Hardware stack levels used:    1
 Hardware stack levels required when called:    3
 This function calls:
		_lcdWriteControl
 This function is called by:
		_initialise
 This function uses a non-reentrant model


 *************** function _initializeTimer0 *****************
 Defined at:
		line 7 in file "timer0.c"
 Parameters:    Size  Location     Type
		None
 Auto vars:     Size  Location     Type
		None
 Return value:  Size  Location     Type
                  1    wreg      void 
 Registers used:
		wreg
 Tracked objects:
		On entry : 
		On exit  : 
		Unchanged: 
 Data sizes:     COMMON   BANK0   BANK1   BANK3   BANK2
      Params:         0       0       0       0       0
      Locals:         0       0       0       0       0
      Temps:          0       0       0       0       0
      Totals:         0       0       0       0       0
Total ram usage:        0 bytes
 Hardware stack levels used:    1
 Hardware stack levels required when called:    2
 This function calls:
		Nothing
 This function is called by:
		_initialise
 This function uses a non-reentrant model


 *************** function _initializeMotor *****************
 Defined at:
		line 19 in file "motor.c"
 Parameters:    Size  Location     Type
		None
 Auto vars:     Size  Location     Type
		None
 Return value:  Size  Location     Type
                  2   28[None  ] int 
 Registers used:
		wreg, fsr0l, fsr0h, status,2, status,0, pclath, cstack
 Tracked objects:
		On entry : 
		On exit  : 
		Unchanged: 
 Data sizes:     COMMON   BANK0   BANK1   BANK3   BANK2
      Params:         0       0       0       0       0
      Locals:         0       0       0       0       0
      Temps:          0       1       0       0       0
      Totals:         0       1       0       0       0
Total ram usage:        1 bytes
 Hardware stack levels used:    1
 Hardware stack levels required when called:    4
 This function calls:
		_lcdSetCursor
		_lcdWriteString
		_lcdWriteToDigitBCD
 This function is called by:
		_initialise
 This function uses a non-reentrant model


 *************** function _lcdWriteToDigitBCD *****************
 Defined at:
		line 39 in file "lcd.c"
 Parameters:    Size  Location     Type
  data            2    6[BANK0 ] int 
  digits          1    8[BANK0 ] unsigned char 
  showSign        1    9[BANK0 ] unsigned char 
 Auto vars:     Size  Location     Type
  OnesDigit       2   15[BANK0 ] unsigned int 
  sign            1   14[BANK0 ] char 
  ThousandDigi    1   13[BANK0 ] unsigned char 
  HundredDigit    1   12[BANK0 ] unsigned char 
  TensDigit       1   11[BANK0 ] unsigned char 
 Return value:  Size  Location     Type
                  1    wreg      void 
 Registers used:
		wreg, status,2, status,0, pclath, cstack
 Tracked objects:
		On entry : 
		On exit  : 
		Unchanged: 
 Data sizes:     COMMON   BANK0   BANK1   BANK3   BANK2
      Params:         0       4       0       0       0
      Locals:         0       6       0       0       0
      Temps:          0       1       0       0       0
      Totals:         0      11       0       0       0
Total ram usage:       11 bytes
 Hardware stack levels used:    1
 Hardware stack levels required when called:    3
 This function calls:
		___wmul
		_lcdWriteData
 This function is called by:
		_main
		_initializeMotor
		_move
 This function uses a non-reentrant model


 *************** function ___wmul *****************
 Defined at:
		line 15 in file "C:\Program Files (x86)\Microchip\xc8\v1.37\sources\common\Umul16.c"
 Parameters:    Size  Location     Type
  multiplier      2    0[BANK0 ] unsigned int 
  multiplicand    2    2[BANK0 ] unsigned int 
 Auto vars:     Size  Location     Type
  product         2    4[BANK0 ] unsigned int 
 Return value:  Size  Location     Type
                  2    0[BANK0 ] unsigned int 
 Registers used:
		wreg, status,2, status,0
 Tracked objects:
		On entry : 
		On exit  : 
		Unchanged: 
 Data sizes:     COMMON   BANK0   BANK1   BANK3   BANK2
      Params:         0       4       0       0       0
      Locals:         0       2       0       0       0
      Temps:          0       0       0       0       0
      Totals:         0       6       0       0       0
Total ram usage:        6 bytes
 Hardware stack levels used:    1
 Hardware stack levels required when called:    2
 This function calls:
		Nothing
 This function is called by:
		_lcdWriteToDigitBCD
 This function uses a non-reentrant model


 *************** function _lcdWriteString *****************
 Defined at:
		line 33 in file "lcd.c"
 Parameters:    Size  Location     Type
  s               1    wreg     PTR unsigned char 
		 -> STR_5(7), STR_4(7), STR_3(3), STR_2(3), 
		 -> STR_1(5), 
 Auto vars:     Size  Location     Type
  s               1    4[BANK0 ] PTR unsigned char 
		 -> STR_5(7), STR_4(7), STR_3(3), STR_2(3), 
		 -> STR_1(5), 
 Return value:  Size  Location     Type
                  1    wreg      void 
 Registers used:
		wreg, fsr0l, fsr0h, status,2, status,0, pclath, cstack
 Tracked objects:
		On entry : 
		On exit  : 
		Unchanged: 
 Data sizes:     COMMON   BANK0   BANK1   BANK3   BANK2
      Params:         0       0       0       0       0
      Locals:         0       1       0       0       0
      Temps:          0       1       0       0       0
      Totals:         0       2       0       0       0
Total ram usage:        2 bytes
 Hardware stack levels used:    1
 Hardware stack levels required when called:    3
 This function calls:
		_lcdWriteData
 This function is called by:
		_main
		_initializeMotor
		_move
 This function uses a non-reentrant model


 *************** function _lcdWriteData *****************
 Defined at:
		line 17 in file "lcd.c"
 Parameters:    Size  Location     Type
  databyte        1    wreg     unsigned char 
 Auto vars:     Size  Location     Type
  databyte        1    2[BANK0 ] unsigned char 
 Return value:  Size  Location     Type
                  1    wreg      void 
 Registers used:
		wreg
 Tracked objects:
		On entry : 
		On exit  : 
		Unchanged: 
 Data sizes:     COMMON   BANK0   BANK1   BANK3   BANK2
      Params:         0       0       0       0       0
      Locals:         0       1       0       0       0
      Temps:          0       2       0       0       0
      Totals:         0       3       0       0       0
Total ram usage:        3 bytes
 Hardware stack levels used:    1
 Hardware stack levels required when called:    2
 This function calls:
		Nothing
 This function is called by:
		_lcdWriteString
		_lcdWriteToDigitBCD
 This function uses a non-reentrant model


 *************** function _lcdSetCursor *****************
 Defined at:
		line 28 in file "lcd.c"
 Parameters:    Size  Location     Type
  address         1    wreg     unsigned char 
 Auto vars:     Size  Location     Type
  address         1    3[BANK0 ] unsigned char 
 Return value:  Size  Location     Type
                  1    wreg      void 
 Registers used:
		wreg, status,2, status,0, pclath, cstack
 Tracked objects:
		On entry : 
		On exit  : 
		Unchanged: 
 Data sizes:     COMMON   BANK0   BANK1   BANK3   BANK2
      Params:         0       0       0       0       0
      Locals:         0       1       0       0       0
      Temps:          0       0       0       0       0
      Totals:         0       1       0       0       0
Total ram usage:        1 bytes
 Hardware stack levels used:    1
 Hardware stack levels required when called:    3
 This function calls:
		_lcdWriteControl
 This function is called by:
		_main
		_initializeMotor
		_move
 This function uses a non-reentrant model


 *************** function _lcdWriteControl *****************
 Defined at:
		line 6 in file "lcd.c"
 Parameters:    Size  Location     Type
  databyte        1    wreg     unsigned char 
 Auto vars:     Size  Location     Type
  databyte        1    2[BANK0 ] unsigned char 
 Return value:  Size  Location     Type
                  1    wreg      void 
 Registers used:
		wreg
 Tracked objects:
		On entry : 
		On exit  : 
		Unchanged: 
 Data sizes:     COMMON   BANK0   BANK1   BANK3   BANK2
      Params:         0       0       0       0       0
      Locals:         0       1       0       0       0
      Temps:          0       2       0       0       0
      Totals:         0       3       0       0       0
Total ram usage:        3 bytes
 Hardware stack levels used:    1
 Hardware stack levels required when called:    2
 This function calls:
		Nothing
 This function is called by:
		_lcdSetCursor
		_setupLCD
 This function uses a non-reentrant model


 *************** function _initializeADC *****************
 Defined at:
		line 5 in file "adConv.c"
 Parameters:    Size  Location     Type
		None
 Auto vars:     Size  Location     Type
		None
 Return value:  Size  Location     Type
                  1    wreg      void 
 Registers used:
		wreg
 Tracked objects:
		On entry : 
		On exit  : 
		Unchanged: 
 Data sizes:     COMMON   BANK0   BANK1   BANK3   BANK2
      Params:         0       0       0       0       0
      Locals:         0       0       0       0       0
      Temps:          0       0       0       0       0
      Totals:         0       0       0       0       0
Total ram usage:        0 bytes
 Hardware stack levels used:    1
 Hardware stack levels required when called:    2
 This function calls:
		Nothing
 This function is called by:
		_initialise
 This function uses a non-reentrant model


 *************** function _isr *****************
 Defined at:
		line 13 in file "main.c"
 Parameters:    Size  Location     Type
		None
 Auto vars:     Size  Location     Type
		None
 Return value:  Size  Location     Type
                  1    wreg      void 
 Registers used:
		wreg, status,2, status,0, pclath, cstack
 Tracked objects:
		On entry : 
		On exit  : 
		Unchanged: 
 Data sizes:     COMMON   BANK0   BANK1   BANK3   BANK2
      Params:         0       0       0       0       0
      Locals:         0       0       0       0       0
      Temps:          4       0       0       0       0
      Totals:         4       0       0       0       0
Total ram usage:        4 bytes
 Hardware stack levels used:    1
 Hardware stack levels required when called:    1
 This function calls:
		_debounceButtons
		_flashLed
		_lcdRefresh
 This function is called by:
		Interrupt level 1
 This function uses a non-reentrant model


 *************** function _lcdRefresh *****************
 Defined at:
		line 24 in file "timer0.c"
 Parameters:    Size  Location     Type
		None
 Auto vars:     Size  Location     Type
		None
 Return value:  Size  Location     Type
                  1    wreg      void 
 Registers used:
		wreg, status,2, status,0
 Tracked objects:
		On entry : 
		On exit  : 
		Unchanged: 
 Data sizes:     COMMON   BANK0   BANK1   BANK3   BANK2
      Params:         0       0       0       0       0
      Locals:         0       0       0       0       0
      Temps:          1       0       0       0       0
      Totals:         1       0       0       0       0
Total ram usage:        1 bytes
 Hardware stack levels used:    1
 This function calls:
		Nothing
 This function is called by:
		_isr
 This function uses a non-reentrant model


 *************** function _flashLed *****************
 Defined at:
		line 34 in file "timer0.c"
 Parameters:    Size  Location     Type
		None
 Auto vars:     Size  Location     Type
		None
 Return value:  Size  Location     Type
                  1    wreg      void 
 Registers used:
		wreg, status,2, status,0
 Tracked objects:
		On entry : 
		On exit  : 
		Unchanged: 
 Data sizes:     COMMON   BANK0   BANK1   BANK3   BANK2
      Params:         0       0       0       0       0
      Locals:         0       0       0       0       0
      Temps:          0       0       0       0       0
      Totals:         0       0       0       0       0
Total ram usage:        0 bytes
 Hardware stack levels used:    1
 This function calls:
		Nothing
 This function is called by:
		_isr
 This function uses a non-reentrant model


 *************** function _debounceButtons *****************
 Defined at:
		line 43 in file "timer0.c"
 Parameters:    Size  Location     Type
		None
 Auto vars:     Size  Location     Type
		None
 Return value:  Size  Location     Type
                  1    wreg      void 
 Registers used:
		wreg, status,2, status,0
 Tracked objects:
		On entry : 
		On exit  : 
		Unchanged: 
 Data sizes:     COMMON   BANK0   BANK1   BANK3   BANK2
      Params:         0       0       0       0       0
      Locals:         0       0       0       0       0
      Temps:          1       0       0       0       0
      Totals:         1       0       0       0       0
Total ram usage:        1 bytes
 Hardware stack levels used:    1
 This function calls:
		Nothing
 This function is called by:
		_isr
 This function uses a non-reentrant model



MODULE INFORMATION

Module		Function		Class		Link	Load	Size
C:\Program Files (x86)\Microchip\xc8\v1.37\sources\common\altoft.c
		___altoft      		CODE           	07B9	0000	67

C:\Program Files (x86)\Microchip\xc8\v1.37\sources\common\altoft.c estimated size: 67

C:\Program Files (x86)\Microchip\xc8\v1.37\sources\common\ftdiv.c
		___ftdiv       		CODE           	04CF	0000	185

C:\Program Files (x86)\Microchip\xc8\v1.37\sources\common\ftdiv.c estimated size: 185

C:\Program Files (x86)\Microchip\xc8\v1.37\sources\common\ftge.c
		___ftge        		CODE           	0F41	0000	96

C:\Program Files (x86)\Microchip\xc8\v1.37\sources\common\ftge.c estimated size: 96

C:\Program Files (x86)\Microchip\xc8\v1.37\sources\common\fttol.c
		___fttol       		CODE           	06BD	0000	143

C:\Program Files (x86)\Microchip\xc8\v1.37\sources\common\fttol.c estimated size: 143

C:\Program Files (x86)\Microchip\xc8\v1.37\sources\common\Umul16.c
		___wmul        		CODE           	0DAD	0000	36

C:\Program Files (x86)\Microchip\xc8\v1.37\sources\common\Umul16.c estimated size: 36

C:\Program Files (x86)\Microchip\xc8\v1.37\sources\common\ftadd.c
		___ftadd       		CODE           	0035	0000	266

C:\Program Files (x86)\Microchip\xc8\v1.37\sources\common\ftadd.c estimated size: 266

timer0.c
		_flashLed      		CODE           	0D41	0000	25
		_lcdRefresh    		CODE           	0CBB	0000	14
		_initializeTimer0		CODE           	0CD6	0000	16
		_debounceButtons		CODE           	0EF3	0000	79

timer0.c estimated size: 134

C:\Program Files (x86)\Microchip\xc8\v1.37\sources\common\trunc.c
		_trunc         		CODE           	0EA9	0000	75

C:\Program Files (x86)\Microchip\xc8\v1.37\sources\common\trunc.c estimated size: 75

adConv.c
		_startADCConversion		CODE           	0CC8	0000	15
		_initializeADC 		CODE           	0D2C	0000	22
		_readADCData   		CODE           	0CE5	0000	16
		_readADCMeter  		CODE           	013E	0000	251

adConv.c estimated size: 304

motor.c
		_initializeMotor		CODE           	0E1A	0000	41
		_move          		CODE           	0626	0000	152
		_moveDeg       		CODE           	0238	0000	240

motor.c estimated size: 433

C:\Program Files (x86)\Microchip\xc8\v1.37\sources\common\ftneg.c
		___ftneg       		CODE           	0CB1	0000	11

C:\Program Files (x86)\Microchip\xc8\v1.37\sources\common\ftneg.c estimated size: 11

shared
		__stringtab    		STRING         	0800	0000	7
		__initialization		CODE           	0015	0000	29

shared estimated size: 36

C:\Program Files (x86)\Microchip\xc8\v1.37\sources\common\round.c
		_round         		CODE           	0FA0	0000	97

C:\Program Files (x86)\Microchip\xc8\v1.37\sources\common\round.c estimated size: 97

C:\Program Files (x86)\Microchip\xc8\v1.37\sources\common\awtoft.c
		___awtoft      		CODE           	0DF5	0000	38

C:\Program Files (x86)\Microchip\xc8\v1.37\sources\common\awtoft.c estimated size: 38

lcd.c
		_setupLCD      		CODE           	0E42	0000	44
		_lcdSetCursor  		CODE           	0CA8	0000	10
		_lcdWriteControl		CODE           	0D18	0000	21
		_lcdWriteData  		CODE           	0D05	0000	20
		_lcdWriteToDigitBCD		CODE           	0587	0000	160
		_lcdWriteString		CODE           	0D8D	0000	33

lcd.c estimated size: 288

C:\Program Files (x86)\Microchip\xc8\v1.37\sources\common\frexp.c
		_frexp         		CODE           	0E6D	0000	61

C:\Program Files (x86)\Microchip\xc8\v1.37\sources\common\frexp.c estimated size: 61

C:\Program Files (x86)\Microchip\xc8\v1.37\sources\common\float.c
		___ftpack      		CODE           	074B	0000	111

C:\Program Files (x86)\Microchip\xc8\v1.37\sources\common\float.c estimated size: 111

main.c
		_main          		CODE           	0327	0000	214
		_isr           		CODE           	0DD0	0000	38
		_initialise    		CODE           	0D71	0000	29

main.c estimated size: 281

C:\Program Files (x86)\Microchip\xc8\v1.37\sources\common\ftmul.c
		___ftmul       		CODE           	03FC	0000	212

C:\Program Files (x86)\Microchip\xc8\v1.37\sources\common\ftmul.c estimated size: 212

