Microchip MPLAB XC8 Compiler V1.37 ()

Linker command line:

-W-3 --edf=C:\Program Files (x86)\Microchip\xc8\v1.37\dat\en_msgs.txt -cs \
  -h+dist/default/production\Assignment2Mech2.production.sym \
  --cmf=dist/default/production\Assignment2Mech2.production.cmf -z \
  -Q16F877A -oC:\Users\JohnMac\AppData\Local\Temp\s4qc.2 \
  -Mdist/default/production/Assignment2Mech2.production.map -E1 -ver=XC8 \
  -ASTACK=0110h-016fh -pstack=STACK -ACODE=00h-07FFhx4 -ASTRCODE=00h-01FFFh \
  -ASTRING=00h-0FFhx32 -ACONST=00h-0FFhx32 -AENTRY=00h-0FFhx32 \
  -ACOMMON=070h-07Fh -ABANK0=020h-06Fh -ABANK1=0A0h-0EFh \
  -ABANK2=0110h-016Fh -ABANK3=0190h-01EFh \
  -ARAM=020h-06Fh,0A0h-0EFh,0110h-016Fh,0190h-01EFh \
  -AABS1=020h-07Fh,0A0h-0EFh,0110h-016Fh,0190h-01EFh -ASFR0=00h-01Fh \
  -ASFR1=080h-09Fh -ASFR2=0100h-010Fh -ASFR3=0180h-018Fh \
  -preset_vec=00h,intentry=04h,init,end_init -ppowerup=CODE -pcinit=CODE \
  -pfunctab=CODE -ACONFIG=02007h-02007h -pconfig=CONFIG -DCONFIG=2 \
  -AIDLOC=02000h-02003h -pidloc=IDLOC -DIDLOC=2 -AEEDATA=00h-0FFh/02100h \
  -peeprom_data=EEDATA -DEEDATA=2 -DCODE=2 -DSTRCODE=2 -DSTRING=2 -DCONST=2 \
  -DENTRY=2 -k C:\Users\JohnMac\AppData\Local\Temp\s4qc.obj \
  dist/default/production\Assignment2Mech2.production.obj 

Object code version is 3.11

Machine type is 16F877A



                Name                               Link     Load   Length Selector   Space Scale
C:\Users\JohnMac\AppData\Local\Temp\s4qc.obj
                end_init                             12       12        3        8       0
                reset_vec                             0        0        3        0       0
                config                             2007     2007        1     400E       0
dist/default/production\Assignment2Mech2.production.obj
                cinit                                15       15        E        8       0
                intentry                              4        4        E        8       0
                text7                                DD       DD       32        8       0
                text6                                23       23       64        8       0
                text5                               175      175       1D        8       0
                text4                                87       87       56        8       0
                text3                               10F      10F       26        8       0
                text2                               135      135       23        8       0
                text1                               158      158       1D        8       0
                maintext                            192      192       11        8       0
                cstackBANK0                          45       45        7       20       1
                cstackCOMMON                         70       70        B       70       1
                clrtext                             1A3      1A3        8        8       0
                bssBANK0                             20       20       25       20       1
                bssCOMMON                            7B       7B        2       70       1
                bitbssCOMMON                        3E8       7D        1       70       1     8

TOTAL           Name                               Link     Load   Length     Space
        CLASS   STACK          

        CLASS   CODE           
                end_init                             12       12        3         0
                cinit                                15       15        E         0
                intentry                              4        4        E         0
                reset_vec                             0        0        3         0
                text7                                DD       DD       32         0
                text6                                23       23       64         0
                text5                               175      175       1D         0
                text4                                87       87       56         0
                text3                               10F      10F       26         0
                text2                               135      135       23         0
                text1                               158      158       1D         0
                maintext                            192      192       11         0
                clrtext                             1A3      1A3        8         0

        CLASS   STRCODE        

        CLASS   STRING         

        CLASS   CONST          

        CLASS   ENTRY          

        CLASS   COMMON         
                cstackCOMMON                         70       70        B         1
                bssCOMMON                            7B       7B        2         1
                bitbssCOMMON                        3E8       7D        1         1

        CLASS   BANK0          
                cstackBANK0                          45       45        7         1
                bssBANK0                             20       20       25         1

        CLASS   BANK1          

        CLASS   BANK2          

        CLASS   BANK3          

        CLASS   RAM            

        CLASS   ABS1           
                abs_s1                               7E       7E        2         1

        CLASS   SFR0           

        CLASS   SFR1           

        CLASS   SFR2           

        CLASS   SFR3           

        CLASS   CONFIG         
                config                             2007     2007        1         0

        CLASS   IDLOC          

        CLASS   EEDATA         



SEGMENTS        Name                           Load    Length   Top    Selector   Space  Class     Delta

                reset_vec                      000000  000003  000003         0       0  CODE        2
                intentry                       000004  0001A7  0001AB         8       0  CODE        2
                bssBANK0                       000020  00002C  00004C        20       1  BANK0       1
                cstackCOMMON                   000070  00000E  00007E        70       1  COMMON      1
                config                         002007  000001  002008      400E       0  CONFIG      2


UNUSED ADDRESS RANGES

        Name                Unused          Largest block    Delta
        BANK0            004C-006F             24           1
        BANK1            00A0-00EF             50           1
        BANK2            0110-016F             60           1
        BANK3            0190-01EF             60           1
        CODE             0003-0003              1           2
                         01AB-1FFF            800
        CONST            0003-0003              1           2
                         01AB-1FFF            100
        EEDATA           2100-21FF            100           2
        ENTRY            0003-0003              1           2
                         01AB-1FFF            100
        IDLOC            2000-2003              4           2
        RAM              004C-006F             24           1
                         00A0-00EF             50
                         0110-016F             60
                         0190-01EF             60
        SFR0             0000-001F             20           1
        SFR1             0080-009F             20           1
        SFR2             0100-010F             10           1
        SFR3             0180-018F             10           1
        STACK            0110-016F             60           1
        STRCODE          0003-0003              1           2
                         01AB-1FFF           1E55
        STRING           0003-0003              1           2
                         01AB-1FFF            100

                                  Symbol Table

?___lwmod                cstackCOMMON 0070
_BRGH                    (abs)        04C2
_CREN                    (abs)        00C4
_GIE                     (abs)        005F
_OERR                    (abs)        00C1
_PEIE                    (abs)        005E
_RB0                     (abs)        0030
_RCIE                    (abs)        0465
_RCIF                    (abs)        0065
_RCREG                   (abs)        001A
_RTC_Counter             bssBANK0     0040
_RTC_FLAG_500MS          bitbssCOMMON 03E8
_RX9                     (abs)        00C6
_SPBRG                   (abs)        0099
_SPEN                    (abs)        00C7
_SYNC                    (abs)        04C4
_TMR0                    (abs)        0001
_TMR0IF                  (abs)        005A
_TRISB                   (abs)        0086
_TRISC                   (abs)        0087
_TX9                     (abs)        04C6
_TXEN                    (abs)        04C5
_TXIE                    (abs)        0464
_TXIF                    (abs)        0064
_TXREG                   (abs)        0019
__CFG_BOREN$OFF          (abs)        0000
__CFG_CP$OFF             (abs)        0000
__CFG_CPD$OFF            (abs)        0000
__CFG_FOSC$HS            (abs)        0000
__CFG_LVP$OFF            (abs)        0000
__CFG_PWRTE$OFF          (abs)        0000
__CFG_WDTE$OFF           (abs)        0000
__CFG_WRT$OFF            (abs)        0000
__Habs1                  abs1         0000
__Hbank0                 bank0        0000
__Hbank1                 bank1        0000
__Hbank2                 bank2        0000
__Hbank3                 bank3        0000
__HbitbssCOMMON          bitbssCOMMON 0000
__HbssBANK0              bssBANK0     0000
__HbssCOMMON             bssCOMMON    0000
__Hcinit                 cinit        0023
__Hclrtext               clrtext      0000
__Hcode                  code         0000
__Hcommon                common       0000
__Hconfig                config       2008
__HcstackBANK0           cstackBANK0  0000
__HcstackCOMMON          cstackCOMMON 0000
__Heeprom_data           eeprom_data  0000
__Hend_init              end_init     0015
__Hfunctab               functab      0000
__Hidloc                 idloc        0000
__Hinit                  init         0012
__Hintentry              intentry     0012
__Hmaintext              maintext     0000
__Hpowerup               powerup      0000
__Hram                   ram          0000
__Hreset_vec             reset_vec    0003
__Hsfr0                  sfr0         0000
__Hsfr1                  sfr1         0000
__Hsfr2                  sfr2         0000
__Hsfr3                  sfr3         0000
__Hspace_0               (abs)        2008
__Hspace_1               (abs)        03E9
__Hspace_2               (abs)        0000
__Hspace_3               (abs)        0000
__Hstack                 stack        0000
__Hstrings               strings      0000
__Htext                  text         0000
__Labs1                  abs1         0000
__Lbank0                 bank0        0000
__Lbank1                 bank1        0000
__Lbank2                 bank2        0000
__Lbank3                 bank3        0000
__LbitbssCOMMON          bitbssCOMMON 0000
__LbssBANK0              bssBANK0     0000
__LbssCOMMON             bssCOMMON    0000
__Lcinit                 cinit        0015
__Lclrtext               clrtext      0000
__Lcode                  code         0000
__Lcommon                common       0000
__Lconfig                config       2007
__LcstackBANK0           cstackBANK0  0000
__LcstackCOMMON          cstackCOMMON 0000
__Leeprom_data           eeprom_data  0000
__Lend_init              end_init     0012
__Lfunctab               functab      0000
__Lidloc                 idloc        0000
__Linit                  init         0012
__Lintentry              intentry     0004
__Lmaintext              maintext     0000
__Lpowerup               powerup      0000
__Lram                   ram          0000
__Lreset_vec             reset_vec    0000
__Lsfr0                  sfr0         0000
__Lsfr1                  sfr1         0000
__Lsfr2                  sfr2         0000
__Lsfr3                  sfr3         0000
__Lspace_0               (abs)        0000
__Lspace_1               (abs)        0000
__Lspace_2               (abs)        0000
__Lspace_3               (abs)        0000
__Lstack                 stack        0000
__Lstrings               strings      0000
__Ltext                  text         0000
__S0                     (abs)        2008
__S1                     (abs)        007E
__S2                     (abs)        0000
__S3                     (abs)        0000
___int_sp                stack        0000
___latbits               (abs)        0002
___lwmod                 text7        00DD
___lwmod@counter         cstackCOMMON 0075
___lwmod@dividend        cstackCOMMON 0072
___lwmod@divisor         cstackCOMMON 0070
___sp                    stack        0000
__end_of___lwmod         text7        010F
__end_of__initialization cinit        001F
__end_of_drive           text4        00DD
__end_of_isr             text6        0087
__end_of_main            maintext     01A3
__end_of_ser_init        text3        0135
__end_of_ser_putch       text5        0192
__end_of_setup           text1        0175
__end_of_setupIRobot     text2        0158
__initialization         cinit        0015
__pbitbssCOMMON          bitbssCOMMON 03E8
__pbssBANK0              bssBANK0     0020
__pbssCOMMON             bssCOMMON    007B
__pcstackBANK0           cstackBANK0  0045
__pcstackCOMMON          cstackCOMMON 0070
__pintentry              intentry     0004
__pmaintext              maintext     0192
__ptext1                 text1        0158
__ptext2                 text2        0135
__ptext3                 text3        010F
__ptext4                 text4        0087
__ptext5                 text5        0175
__ptext6                 text6        0023
__ptext7                 text7        00DD
__size_of___lwmod        (abs)        0000
__size_of_drive          (abs)        0000
__size_of_isr            (abs)        0000
__size_of_main           (abs)        0000
__size_of_ser_init       (abs)        0000
__size_of_ser_putch      (abs)        0000
__size_of_setup          (abs)        0000
__size_of_setupIRobot    (abs)        0000
_drive                   text4        0087
_isr                     text6        0023
_main                    maintext     0192
_rxfifo                  bssBANK0     0020
_rxiptr                  bssCOMMON    007B
_rxoptr                  bssBANK0     0042
_ser_init                text3        010F
_ser_putch               text5        0175
_ser_tmp                 bssBANK0     0043
_setup                   text1        0158
_setupIRobot             text2        0135
_txfifo                  bssBANK0     0030
_txiptr                  bssCOMMON    007C
_txoptr                  bssBANK0     0044
btemp                    (abs)        007E
clear_ram0               clrtext      01A3
end_of_initialization    cinit        001F
interrupt_function       intentry     0004
intlevel0                functab      0000
intlevel1                functab      0000
intlevel2                functab      0000
intlevel3                functab      0000
intlevel4                functab      0000
intlevel5                functab      0000
ltemp                    (abs)        007E
ltemp0                   (abs)        007E
ltemp1                   (abs)        0082
ltemp2                   (abs)        0086
ltemp3                   (abs)        0080
reset_vec                reset_vec    0000
saved_w                  (abs)        007E
ser_putch@c              cstackBANK0  0046
stackhi                  (abs)        0000
stacklo                  (abs)        0000
start                    init         0012
start_initialization     cinit        0015
ttemp                    (abs)        007E
ttemp0                   (abs)        007E
ttemp1                   (abs)        0081
ttemp2                   (abs)        0084
ttemp3                   (abs)        0087
ttemp4                   (abs)        007F
wtemp                    (abs)        007E
wtemp0                   (abs)        007E
wtemp1                   (abs)        0080
wtemp2                   (abs)        0082
wtemp3                   (abs)        0084
wtemp4                   (abs)        0086
wtemp5                   (abs)        0088
wtemp6                   (abs)        007F


FUNCTION INFORMATION:

 *************** function _main *****************
 Defined at:
		line 56 in file "main.c"
 Parameters:    Size  Location     Type
		None
 Auto vars:     Size  Location     Type
		None
 Return value:  Size  Location     Type
                  1    wreg      void 
 Registers used:
		wreg, fsr0l, fsr0h, status,2, status,0, pclath, cstack
 Tracked objects:
		On entry : 
		On exit  : 
		Unchanged: 
 Data sizes:     COMMON   BANK0   BANK1   BANK3   BANK2
      Params:         0       0       0       0       0
      Locals:         0       0       0       0       0
      Temps:          0       0       0       0       0
      Totals:         0       0       0       0       0
Total ram usage:        0 bytes
 Hardware stack levels required when called:    5
 This function calls:
		_drive
		_setup
 This function is called by:
		Startup code after reset
 This function uses a non-reentrant model


 *************** function _setup *****************
 Defined at:
		line 46 in file "main.c"
 Parameters:    Size  Location     Type
		None
 Auto vars:     Size  Location     Type
		None
 Return value:  Size  Location     Type
                  1    wreg      void 
 Registers used:
		wreg, fsr0l, fsr0h, status,2, status,0, pclath, cstack
 Tracked objects:
		On entry : 
		On exit  : 
		Unchanged: 
 Data sizes:     COMMON   BANK0   BANK1   BANK3   BANK2
      Params:         0       0       0       0       0
      Locals:         0       0       0       0       0
      Temps:          0       3       0       0       0
      Totals:         0       3       0       0       0
Total ram usage:        3 bytes
 Hardware stack levels used:    1
 Hardware stack levels required when called:    4
 This function calls:
		_ser_init
		_setupIRobot
 This function is called by:
		_main
 This function uses a non-reentrant model


 *************** function _setupIRobot *****************
 Defined at:
		line 4 in file "iRobot.c"
 Parameters:    Size  Location     Type
		None
 Auto vars:     Size  Location     Type
		None
 Return value:  Size  Location     Type
                  1    wreg      void 
 Registers used:
		wreg, fsr0l, fsr0h, status,2, status,0, pclath, cstack
 Tracked objects:
		On entry : 
		On exit  : 
		Unchanged: 
 Data sizes:     COMMON   BANK0   BANK1   BANK3   BANK2
      Params:         0       0       0       0       0
      Locals:         0       0       0       0       0
      Temps:          0       2       0       0       0
      Totals:         0       2       0       0       0
Total ram usage:        2 bytes
 Hardware stack levels used:    1
 Hardware stack levels required when called:    3
 This function calls:
		_ser_putch
 This function is called by:
		_setup
 This function uses a non-reentrant model


 *************** function _ser_init *****************
 Defined at:
		line 111 in file "ser.c"
 Parameters:    Size  Location     Type
		None
 Auto vars:     Size  Location     Type
		None
 Return value:  Size  Location     Type
                  1    wreg      void 
 Registers used:
		wreg, status,2, status,0
 Tracked objects:
		On entry : 
		On exit  : 
		Unchanged: 
 Data sizes:     COMMON   BANK0   BANK1   BANK3   BANK2
      Params:         0       0       0       0       0
      Locals:         0       0       0       0       0
      Temps:          0       1       0       0       0
      Totals:         0       1       0       0       0
Total ram usage:        1 bytes
 Hardware stack levels used:    1
 Hardware stack levels required when called:    2
 This function calls:
		Nothing
 This function is called by:
		_setup
 This function uses a non-reentrant model


 *************** function _drive *****************
 Defined at:
		line 10 in file "iRobot.c"
 Parameters:    Size  Location     Type
		None
 Auto vars:     Size  Location     Type
		None
 Return value:  Size  Location     Type
                  1    wreg      void 
 Registers used:
		wreg, fsr0l, fsr0h, status,2, status,0, pclath, cstack
 Tracked objects:
		On entry : 
		On exit  : 
		Unchanged: 
 Data sizes:     COMMON   BANK0   BANK1   BANK3   BANK2
      Params:         0       0       0       0       0
      Locals:         0       0       0       0       0
      Temps:          0       2       0       0       0
      Totals:         0       2       0       0       0
Total ram usage:        2 bytes
 Hardware stack levels used:    1
 Hardware stack levels required when called:    3
 This function calls:
		_ser_putch
 This function is called by:
		_main
 This function uses a non-reentrant model


 *************** function _ser_putch *****************
 Defined at:
		line 68 in file "ser.c"
 Parameters:    Size  Location     Type
  c               1    wreg     unsigned char 
 Auto vars:     Size  Location     Type
  c               1    1[BANK0 ] unsigned char 
 Return value:  Size  Location     Type
                  1    wreg      void 
 Registers used:
		wreg, fsr0l, fsr0h, status,2, status,0
 Tracked objects:
		On entry : 
		On exit  : 
		Unchanged: 
 Data sizes:     COMMON   BANK0   BANK1   BANK3   BANK2
      Params:         0       0       0       0       0
      Locals:         0       1       0       0       0
      Temps:          0       1       0       0       0
      Totals:         0       2       0       0       0
Total ram usage:        2 bytes
 Hardware stack levels used:    1
 Hardware stack levels required when called:    2
 This function calls:
		Nothing
 This function is called by:
		_setupIRobot
		_drive
		_stop
		_ser_puts
		_ser_puts2
		_ser_puthex
 This function uses a non-reentrant model


 *************** function _isr *****************
 Defined at:
		line 27 in file "main.c"
 Parameters:    Size  Location     Type
		None
 Auto vars:     Size  Location     Type
		None
 Return value:  Size  Location     Type
                  1    wreg      void 
 Registers used:
		wreg, fsr0l, fsr0h, status,2, status,0, pclath, cstack
 Tracked objects:
		On entry : 
		On exit  : 
		Unchanged: 
 Data sizes:     COMMON   BANK0   BANK1   BANK3   BANK2
      Params:         0       0       0       0       0
      Locals:         0       0       0       0       0
      Temps:          5       0       0       0       0
      Totals:         5       0       0       0       0
Total ram usage:        5 bytes
 Hardware stack levels used:    1
 Hardware stack levels required when called:    1
 This function calls:
		___lwmod
 This function is called by:
		Interrupt level 1
 This function uses a non-reentrant model


 *************** function ___lwmod *****************
 Defined at:
		line 6 in file "C:\Program Files (x86)\Microchip\xc8\v1.37\sources\common\lwmod.c"
 Parameters:    Size  Location     Type
  divisor         2    0[COMMON] unsigned int 
  dividend        2    2[COMMON] unsigned int 
 Auto vars:     Size  Location     Type
  counter         1    5[COMMON] unsigned char 
 Return value:  Size  Location     Type
                  2    0[COMMON] unsigned int 
 Registers used:
		wreg, status,2, status,0
 Tracked objects:
		On entry : 
		On exit  : 
		Unchanged: 
 Data sizes:     COMMON   BANK0   BANK1   BANK3   BANK2
      Params:         4       0       0       0       0
      Locals:         1       0       0       0       0
      Temps:          1       0       0       0       0
      Totals:         6       0       0       0       0
Total ram usage:        6 bytes
 Hardware stack levels used:    1
 This function calls:
		Nothing
 This function is called by:
		_isr
 This function uses a non-reentrant model



MODULE INFORMATION

Module		Function		Class		Link	Load	Size
iRobot.c
		_setupIRobot   		CODE           	0135	0000	36
		_drive         		CODE           	0087	0000	87

iRobot.c estimated size: 123

ser.c
		_ser_init      		CODE           	010F	0000	39
		_ser_putch     		CODE           	0175	0000	30

ser.c estimated size: 69

shared
		__initialization		CODE           	0015	0000	11

shared estimated size: 11

main.c
		_main          		CODE           	0192	0000	18
		_isr           		CODE           	0023	0000	101
		_setup         		CODE           	0158	0000	30

main.c estimated size: 149

C:\Program Files (x86)\Microchip\xc8\v1.37\sources\common\lwmod.c
		___lwmod       		CODE           	00DD	0000	51

C:\Program Files (x86)\Microchip\xc8\v1.37\sources\common\lwmod.c estimated size: 51

